Archive member included to satisfy reference by file (symbol)

c:/devkitPro/libctru/lib\libsf2d.a(sf2d.o)
                              main.o (sf2d_fini)
c:/devkitPro/libctru/lib\libsf2d.a(sf2d_draw.o)
                              main.o (sf2d_draw_rectangle)
c:/devkitPro/libctru/lib\libsf2d.a(sf2d_texture.o)
                              c:/devkitPro/libctru/lib\libsf2d.a(sf2d.o) (sf2d_create_rendertarget)
c:/devkitPro/libctru/lib\libsf2d.a(shader.shbin.o)
                              c:/devkitPro/libctru/lib\libsf2d.a(sf2d.o) (shader_shbin_size)
c:/devkitPro/libctru/lib\libsfil.a(sfil_png.o)
                              main.o (sfil_load_PNG_buffer)
c:/devkitPro/libctru/lib\libsftd.a(sftd.o)
                              main.o (sftd_init)
c:/devkitPro/libctru/lib\libsftd.a(texture_atlas.o)
                              c:/devkitPro/libctru/lib\libsftd.a(sftd.o) (texture_atlas_create)
c:/devkitPro/libctru/lib\libsftd.a(bin_packing_2d.o)
                              c:/devkitPro/libctru/lib\libsftd.a(texture_atlas.o) (bp2d_create)
c:/devkitPro/libctru/lib\libsftd.a(int_htab.o)
                              c:/devkitPro/libctru/lib\libsftd.a(texture_atlas.o) (int_htab_create)
c:/devkitPro/portlibs/armv6k/lib\libfreetype.a(ftinit.o)
                              c:/devkitPro/libctru/lib\libsftd.a(sftd.o) (FT_Init_FreeType)
c:/devkitPro/portlibs/armv6k/lib\libfreetype.a(ftbase.o)
                              c:/devkitPro/libctru/lib\libsftd.a(sftd.o) (FT_Get_Kerning)
c:/devkitPro/portlibs/armv6k/lib\libfreetype.a(truetype.o)
                              c:/devkitPro/portlibs/armv6k/lib\libfreetype.a(ftinit.o) (tt_driver_class)
c:/devkitPro/portlibs/armv6k/lib\libfreetype.a(type1.o)
                              c:/devkitPro/portlibs/armv6k/lib\libfreetype.a(ftinit.o) (t1_driver_class)
c:/devkitPro/portlibs/armv6k/lib\libfreetype.a(cff.o)
                              c:/devkitPro/portlibs/armv6k/lib\libfreetype.a(ftinit.o) (cff_driver_class)
c:/devkitPro/portlibs/armv6k/lib\libfreetype.a(type1cid.o)
                              c:/devkitPro/portlibs/armv6k/lib\libfreetype.a(ftinit.o) (t1cid_driver_class)
c:/devkitPro/portlibs/armv6k/lib\libfreetype.a(pfr.o)
                              c:/devkitPro/portlibs/armv6k/lib\libfreetype.a(ftinit.o) (pfr_driver_class)
c:/devkitPro/portlibs/armv6k/lib\libfreetype.a(type42.o)
                              c:/devkitPro/portlibs/armv6k/lib\libfreetype.a(ftinit.o) (t42_driver_class)
c:/devkitPro/portlibs/armv6k/lib\libfreetype.a(winfnt.o)
                              c:/devkitPro/portlibs/armv6k/lib\libfreetype.a(ftinit.o) (winfnt_driver_class)
c:/devkitPro/portlibs/armv6k/lib\libfreetype.a(pcf.o)
                              c:/devkitPro/portlibs/armv6k/lib\libfreetype.a(ftinit.o) (pcf_driver_class)
c:/devkitPro/portlibs/armv6k/lib\libfreetype.a(bdf.o)
                              c:/devkitPro/portlibs/armv6k/lib\libfreetype.a(ftinit.o) (bdf_driver_class)
c:/devkitPro/portlibs/armv6k/lib\libfreetype.a(sfnt.o)
                              c:/devkitPro/portlibs/armv6k/lib\libfreetype.a(ftinit.o) (sfnt_module_class)
c:/devkitPro/portlibs/armv6k/lib\libfreetype.a(autofit.o)
                              c:/devkitPro/portlibs/armv6k/lib\libfreetype.a(ftinit.o) (autofit_module_class)
c:/devkitPro/portlibs/armv6k/lib\libfreetype.a(pshinter.o)
                              c:/devkitPro/portlibs/armv6k/lib\libfreetype.a(ftinit.o) (pshinter_module_class)
c:/devkitPro/portlibs/armv6k/lib\libfreetype.a(raster.o)
                              c:/devkitPro/portlibs/armv6k/lib\libfreetype.a(ftinit.o) (ft_raster1_renderer_class)
c:/devkitPro/portlibs/armv6k/lib\libfreetype.a(smooth.o)
                              c:/devkitPro/portlibs/armv6k/lib\libfreetype.a(ftinit.o) (ft_smooth_lcdv_renderer_class)
c:/devkitPro/portlibs/armv6k/lib\libfreetype.a(ftcache.o)
                              c:/devkitPro/libctru/lib\libsftd.a(sftd.o) (FTC_Manager_LookupFace)
c:/devkitPro/portlibs/armv6k/lib\libfreetype.a(ftgzip.o)
                              c:/devkitPro/portlibs/armv6k/lib\libfreetype.a(pcf.o) (FT_Stream_OpenGzip)
c:/devkitPro/portlibs/armv6k/lib\libfreetype.a(ftlzw.o)
                              c:/devkitPro/portlibs/armv6k/lib\libfreetype.a(pcf.o) (FT_Stream_OpenLZW)
c:/devkitPro/portlibs/armv6k/lib\libfreetype.a(psaux.o)
                              c:/devkitPro/portlibs/armv6k/lib\libfreetype.a(ftinit.o) (psaux_module_class)
c:/devkitPro/portlibs/armv6k/lib\libfreetype.a(psnames.o)
                              c:/devkitPro/portlibs/armv6k/lib\libfreetype.a(ftinit.o) (psnames_module_class)
c:/devkitPro/portlibs/armv6k/lib\libfreetype.a(ftsystem.o)
                              c:/devkitPro/portlibs/armv6k/lib\libfreetype.a(ftbase.o) (FT_Stream_Open)
c:/devkitPro/portlibs/armv6k/lib\libfreetype.a(ftbitmap.o)
                              c:/devkitPro/portlibs/armv6k/lib\libfreetype.a(sfnt.o) (FT_Bitmap_Init)
c:/devkitPro/portlibs/armv6k/lib\libfreetype.a(ftglyph.o)
[...]
Memory Configuration

Name             Origin             Length             Attributes
*default*        0x00000000         0xffffffff

Linker script and memory map

                0x00100000                PROVIDE (__start__, 0x100000)
                0x00100000                . = __start__

.text           0x00100000    0xdbab8
 *(.crt0)
 .crt0          0x00100000       0x94 c:/devkitpro/devkitarm/bin/../lib/gcc/arm-none-eabi/7.1.0/../../../../arm-none-eabi/lib/armv6k/fpu/3dsx_crt0.o
                0x00100000                _start
                0x00100008                __service_ptr
                0x0010000c                __apt_appid
                0x00100010                __heap_size
                0x00100014                __linear_heap_size
                0x00100018                __system_arglist
                0x0010001c                __system_runflags
 *(.init)
 .init          0x00100094        0xc c:/devkitpro/devkitarm/bin/../lib/gcc/arm-none-eabi/7.1.0/armv6k/fpu/crti.o
                0x00100094                _init
 .init          0x001000a0        0xc c:/devkitpro/devkitarm/bin/../lib/gcc/arm-none-eabi/7.1.0/armv6k/fpu/crtn.o
                0x001000ac                . = ALIGN (0x4)
 *(.text)
 .text          0x001000ac       0xc8 c:/devkitPro/portlibs/armv6k/lib\libfreetype.a(ftinit.o)
                0x001000ac                FT_Add_Default_Modules
                0x001000dc                FT_Init_FreeType
                0x00100148                FT_Done_FreeType
 .text          0x00100174     0xd0bc c:/devkitPro/portlibs/armv6k/lib\libfreetype.a(ftbase.o)
                0x00100ca0                FT_RoundFix
                0x00100cb4                FT_CeilFix
                0x00100cc8                FT_FloorFix
                0x00100cd4                FT_Hypot
                0x00100df8                FT_MulDiv
                0x00100ef8                FT_MulDiv_No_Round
                0x00100fd8                FT_MulFix
                0x00100ff8                FT_DivFix
                0x00101108                FT_Matrix_Multiply
                0x00101238                FT_Matrix_Invert
                0x001012fc                FT_Matrix_Multiply_Scaled
                0x00101404                FT_Vector_Transform_Scaled
                0x0010165c                FT_Vector_NormLen
                0x00101810                ft_corner_orientation
                0x00101924                ft_corner_is_flat
                0x001019b4                FT_GlyphLoader_New
                0x001019f8                FT_GlyphLoader_Rewind
                0x00101a30                FT_GlyphLoader_Reset
                0x00102100                FT_GlyphLoader_Done
                0x00102204                FT_GlyphLoader_CreateExtra
                0x001022e4                FT_GlyphLoader_CheckSubGlyphs
                0x00102410                FT_GlyphLoader_Prepare
                0x0010248c                FT_GlyphLoader_Add
                0x001026c0                ft_service_list_lookup
                0x00102720                ft_validator_init
                0x00102738                ft_validator_run
                0x00102740                ft_validator_error
                0x00102754                FT_Stream_New
                0x0010286c                FT_Stream_Free
                0x001028b0                ft_glyphslot_free_bitmap
                0x00102914                ft_glyphslot_set_bitmap
                0x0010296c                ft_glyphslot_alloc_bitmap
                0x00102a1c                FT_New_GlyphSlot
                0x00102b88                FT_Done_GlyphSlot
                0x00102c1c                FT_Set_Transform
                0x00102cd0                FT_Attach_File
                0x00102dd0                FT_Attach_Stream
                0x00102f64                FT_Reference_Face
                0x00102f84                FT_Done_Face
                0x00103058                FT_New_Size
                0x001031d8                FT_Done_Size
                0x00103310                FT_Match_Size
                0x00103440                ft_synthesize_vertical_metrics
                0x001034b0                FT_Select_Metrics
                0x0010374c                FT_Request_Metrics
                0x00103ad8                FT_Select_Size
                0x00103b44                FT_Request_Size
                0x00103bd4                FT_Set_Char_Size
                0x00103c9c                FT_Set_Pixel_Sizes
                0x00103d70                FT_Get_Kerning
                0x00103e98                FT_Get_Track_Kerning
                0x00103f18                FT_Select_Charmap
                0x00104028                FT_Set_Charmap
                0x00104110                FT_Get_Charmap_Index
                0x0010417c                FT_Get_Char_Index
                0x001041c4                FT_Get_First_Char
                0x00104288                FT_Get_Next_Char
                0x00104320                FT_Face_GetCharVariantIndex
                0x00104430                FT_Face_GetCharVariantIsDefault
                0x00104518                FT_Face_GetVariantSelectors
                0x001045f8                FT_Face_GetVariantsOfChar
                0x001046e0                FT_Face_GetCharsOfVariant
                0x001047c8                FT_Get_Name_Index
                0x00104874                FT_Get_Glyph_Name
                0x00104960                FT_Get_Postscript_Name
                0x001049e8                FT_Get_Sfnt_Table
                0x00104a54                FT_Load_Sfnt_Table
                0x00104ad8                FT_Sfnt_Table_Info
                0x00104b64                FT_Get_CMap_Language_ID
                0x00104be4                FT_Get_CMap_Format
                0x00104c60                FT_Activate_Size
                0x00104c9c                FT_Lookup_Renderer
                0x00104d00                FT_Get_Renderer
                0x00104d50                FT_Set_Renderer
                0x00104e50                FT_Render_Glyph_Internal
                0x00104f48                FT_Render_Glyph
                0x00104f78                FT_Get_Module
                0x00104fe4                FT_Get_Module_Interface
                0x00105054                ft_module_get_service
                0x001050d8                FT_Remove_Module
                0x001050fc                FT_Property_Set
                0x001051f0                FT_Property_Get
                0x001052e4                FT_Reference_Library
                0x00105300                FT_New_Library
                0x0010537c                FT_Library_Version
                0x001053b4                FT_Done_Library
                0x00105580                FT_Set_Debug_Hook
                0x001055ac                FT_Get_TrueType_Engine_Type
                0x00105680                FT_Get_SubGlyph_Info
                0x00105714                FT_Outline_Decompose
                0x00105b24                FT_Outline_Check
                0x00105bcc                FT_Outline_Copy
                0x00105c74                FT_Outline_Done_Internal
                0x00105d20                FT_Outline_Done
                0x00105de0                FT_Outline_Get_CBox
                0x00105e7c                FT_Outline_Translate
                0x00105ed0                FT_Outline_Reverse
                0x00105f9c                FT_Outline_Render
                0x0010606c                FT_Outline_Get_Bitmap
                0x00106148                FT_Vector_Transform
                0x001061f0                FT_Outline_Transform
                0x0010698c                FT_Load_Glyph
                0x00106d48                FT_Get_Advances
                0x00106dc0                FT_Get_Advance
                0x001070c0                FT_Load_Char
                0x00107124                FT_Outline_Get_Orientation
                0x00107270                FT_Outline_EmboldenXY
                0x00107654                FT_Outline_Embolden
                0x0010765c                FT_Raccess_Guess
                0x00107774                FT_Get_Sfnt_Name_Count
                0x00107798                FT_Stream_OpenMemory
                0x001077b0                FT_Stream_Close
                0x001077c8                FT_Stream_Seek
                0x00107814                FT_Stream_Skip
                0x00107878                FT_Stream_Pos
                0x00107880                FT_Stream_Read
                0x00107904                FT_Stream_ReadAt
                0x00107984                FT_Stream_TryRead
                0x001079f4                FT_Stream_ExtractFrame
                0x00107b34                FT_Stream_ReleaseFrame
                0x00107b74                FT_Stream_EnterFrame
                0x00107c94                FT_Stream_ExitFrame
                0x00107cd8                FT_Stream_GetChar
                0x00107cfc                FT_Stream_GetUShort
                0x00107d2c                FT_Stream_GetUShortLE
                0x00107d5c                FT_Stream_GetUOffset
                0x00107d98                FT_Stream_GetULong
                0x00107ddc                FT_Stream_GetULongLE
                0x00107e20                FT_Stream_ReadChar
                0x00107eb0                FT_Stream_ReadUShort
                0x00107f48                FT_Raccess_Get_HeaderInfo
                0x001081b8                FT_Stream_ReadUShortLE
                0x00108250                FT_Stream_ReadUOffset
                0x001082f4                FT_Stream_ReadULong
                0x00108e70                FT_Stream_ReadULongLE
                0x00108f1c                FT_Stream_ReadFields
                0x00109190                FT_Cos
                0x0010925c                FT_Sin
                0x00109328                FT_Tan
                0x00109400                FT_Atan2
                0x00109468                FT_Vector_Unit
                0x00109550                FT_Vector_Rotate
                0x00109798                FT_Vector_Length
                0x001098e0                FT_Vector_Polarize
                0x00109a30                FT_Vector_From_Polar
                0x00109c64                FT_Angle_Diff
                0x00109ca0                ft_mem_alloc
                0x00109d00                FT_Add_Module
                0x0010a010                ft_mem_qalloc
                0x0010a054                ft_mem_realloc
                0x0010a158                FT_GlyphLoader_CheckPoints
                0x0010a380                FT_CMap_Done
                0x0010a4b4                FT_CMap_New
                0x0010a620                FT_Outline_New_Internal
                0x0010a784                FT_Raccess_Get_DataOffsets
                0x0010b6d8                FT_Open_Face
                0x0010c000                FT_New_Face
                0x0010c040                FT_New_Memory_Face
                0x0010c7a0                FT_Get_Sfnt_Name
                0x0010c8f0                FT_Outline_New
                0x0010ca34                FT_GlyphLoader_CopyPoints
                0x0010cd9c                ft_mem_qrealloc
                0x0010cebc                ft_mem_free
                0x0010cecc                ft_mem_dup
                0x0010cf3c                ft_mem_strdup
                0x0010cfc8                ft_mem_strcpyn
                0x0010d02c                FT_List_Find
                0x0010d070                FT_List_Add
                0x0010d0a4                FT_List_Insert
                0x0010d0d8                FT_List_Remove
                0x0010d108                FT_List_Up
                0x0010d14c                FT_List_Iterate
                0x0010d1a0                FT_List_Finalize
 .text          0x0010d230     0xc09c c:/devkitPro/portlibs/armv6k/lib\libfreetype.a(truetype.o)
                0x001137ac                TT_RunIns
                0x00117ae4                TT_New_Context
 .text          0x001192cc     0x5bfc c:/devkitPro/portlibs/armv6k/lib\libfreetype.a(type1.o)
 .text          0x0011eec8     0xe128 c:/devkitPro/portlibs/armv6k/lib\libfreetype.a(cff.o)
 .text          0x0012cff0     0x1c90 c:/devkitPro/portlibs/armv6k/lib\libfreetype.a(type1cid.o)
 .text          0x0012ec80     0x3318 c:/devkitPro/portlibs/armv6k/lib\libfreetype.a(pfr.o)
 .text          0x00131f98     0x1e58 c:/devkitPro/portlibs/armv6k/lib\libfreetype.a(type42.o)
 .text          0x00133df0     0x10e4 c:/devkitPro/portlibs/armv6k/lib\libfreetype.a(winfnt.o)
 .text          0x00134ed4     0x21b0 c:/devkitPro/portlibs/armv6k/lib\libfreetype.a(pcf.o)
 .text          0x00137084     0x5210 c:/devkitPro/portlibs/armv6k/lib\libfreetype.a(bdf.o)
 .text          0x0013c294     0xa014 c:/devkitPro/portlibs/armv6k/lib\libfreetype.a(sfnt.o)
 .text          0x001462a8     0x8d0c c:/devkitPro/portlibs/armv6k/lib\libfreetype.a(autofit.o)
                0x0014ef70                af_get_coverage
                0x0014ef78                af_get_char_index
 .text          0x0014efb4     0x4408 c:/devkitPro/portlibs/armv6k/lib\libfreetype.a(pshinter.o)
                0x00151f44                ps_hints_apply
 .text          0x001533bc      0xc64 c:/devkitPro/portlibs/armv6k/lib\libfreetype.a(raster.o)
 .text          0x00154020     0x263c c:/devkitPro/portlibs/armv6k/lib\libfreetype.a(smooth.o)
 .text          0x0015665c     0x3c7c c:/devkitPro/portlibs/armv6k/lib\libfreetype.a(ftcache.o)
                0x001585d0                FTC_Manager_LookupSize
                0x00158724                FTC_Manager_LookupFace
                0x001587ec                FTC_Manager_New
                0x001588f0                FTC_Manager_Done
                0x00158a54                FTC_Manager_Reset
                0x00158ba8                FTC_Manager_RemoveFaceID
                0x00158e5c                FTC_Node_Unref
                0x00158e84                FTC_CMapCache_New
                0x00158f80                FTC_CMapCache_Lookup
                0x00159218                FTC_ImageCache_New
                0x00159314                FTC_ImageCache_Lookup
                0x00159630                FTC_ImageCache_LookupScaler
                0x001599f4                FTC_SBitCache_New
                0x00159af0                FTC_SBitCache_Lookup
                0x00159e94                FTC_SBitCache_LookupScaler
 .text          0x0015a2d8      0x9a4 c:/devkitPro/portlibs/armv6k/lib\libfreetype.a(ftgzip.o)
                0x0015a5e8                FT_Stream_OpenGzip
                0x0015ab74                FT_Gzip_Uncompress
 .text          0x0015ac7c     0x14a8 c:/devkitPro/portlibs/armv6k/lib\libfreetype.a(ftlzw.o)
                0x0015aea4                FT_Stream_OpenLZW
                0x0015b08c                ft_lzwstate_reset
                0x0015b0b8                ft_lzwstate_init
                0x0015b124                ft_lzwstate_done
                0x0015b194                ft_lzwstate_io
 .text          0x0015c124     0x6bb4 c:/devkitPro/portlibs/armv6k/lib\libfreetype.a(psaux.o)
 .text          0x00162cd8      0xa78 c:/devkitPro/portlibs/armv6k/lib\libfreetype.a(psnames.o)
 .text          0x00163750      0x194 c:/devkitPro/portlibs/armv6k/lib\libfreetype.a(ftsystem.o)
                0x001637ec                FT_Stream_Open
                0x0016389c                FT_New_Memory
                0x001638e0                FT_Done_Memory
 .text          0x001638e4      0xf78 c:/devkitPro/portlibs/armv6k/lib\libfreetype.a(ftbitmap.o)
                0x001638e4                FT_Bitmap_Init
                0x00163914                FT_Bitmap_New
                0x00163944                FT_Bitmap_Copy
                0x00163af0                FT_Bitmap_Convert
                0x00164014                FT_Bitmap_Embolden
                0x0016474c                FT_GlyphSlot_Own_Bitmap
                0x00164800                FT_Bitmap_Done
 .text          0x0016485c      0x840 c:/devkitPro/portlibs/armv6k/lib\libfreetype.a(ftglyph.o)
                0x00164a74                FT_Glyph_Copy
                0x00164b68                FT_Get_Glyph
                0x00164c88                FT_Glyph_Transform
                0x00164cec                FT_Glyph_Get_CBox
                0x00164d90                FT_Done_Glyph
                0x00164dc4                FT_Glyph_To_Bitmap
 *fill*         0x0016509c        0x4 
 .text          0x001650a0     0x6cc8 c:/devkitPro/portlibs/armv6k/lib\libpng.a(png.o)
                0x001650a0                png_zalloc
                0x001650f8                png_zfree
                0x001659f8                png_set_sig_bytes
                0x00165a38                png_sig_cmp
                0x00165aa8                png_reset_crc
                0x00165ac8                png_calculate_crc
                0x00165b1c                png_user_version_check
                0x00165c1c                png_create_png_struct
                0x00165d30                png_create_info_struct
                0x00165d70                png_destroy_info_struct
                0x001660f8                png_info_init_3
                0x00166150                png_data_freer
                0x0016619c                png_free_data
                0x001661ac                png_get_io_ptr
                0x001661b8                png_init_io
                0x001661c4                png_save_int_32
                0x001661c8                png_convert_to_rfc1123_buffer
                0x001663ac                png_convert_to_rfc1123
                0x001665a0                png_get_copyright
                0x001665ac                png_get_libpng_ver
                0x001665b8                png_get_header_ver
                0x001665c4                png_get_header_version
                0x001665d0                png_build_grayscale_palette
                0x00166630                png_handle_as_unknown
                0x001666a4                png_chunk_unknown_handling
                0x00166734                png_reset_zstream
                0x0016674c                png_access_version_number
                0x00166758                png_zstream_error
                0x0016683c                png_colorspace_set_gamma
                0x001669a8                png_colorspace_sync_info
                0x00166a18                png_colorspace_sync
                0x00166aa0                png_colorspace_set_sRGB
                0x00166d24                png_icc_check_length
                0x00166ebc                png_icc_check_header
                0x00167218                png_icc_check_tag_table
                0x00167350                png_icc_set_sRGB
                0x001675a4                png_colorspace_set_ICC
                0x0016797c                png_colorspace_set_rgb_coefficients
                0x00167c24                png_check_IHDR
                0x00167edc                png_check_fp_number
                0x00168174                png_check_fp_string
                0x00168434                png_ascii_from_fp
                0x00168d60                png_ascii_from_fixed
                0x00169190                png_fixed
                0x00169218                png_muldiv
                0x001692d0                png_muldiv_warn
                0x0016938c                png_reciprocal
                0x00169418                png_colorspace_set_endpoints
                0x0016a418                png_colorspace_set_chromaticities
                0x0016aeec                png_gamma_significant
                0x0016af0c                png_reciprocal2
                0x0016afc8                png_gamma_8bit_correct
                0x0016b050                png_gamma_16bit_correct
                0x0016b0e4                png_gamma_correct
                0x0016b1f4                png_destroy_gamma_table
                0x0016b328                png_build_gamma_table
                0x0016bc64                png_set_option
                0x0016bcc4                png_image_free
                0x0016bd00                png_image_error
 .text          0x0016bd68     0x1a6c c:/devkitPro/portlibs/armv6k/lib\libpng.a(pngerror.o)
                0x0016bfd4                png_safecat
                0x0016c048                png_format_number
                0x0016c1b4                png_warning
                0x0016c2fc                png_warning_parameter
                0x0016c378                png_warning_parameter_unsigned
                0x0016c40c                png_warning_parameter_signed
                0x0016c4d8                png_formatted_warning
                0x0016c7b0                png_chunk_warning
                0x0016c95c                png_free_jmpbuf
                0x0016c9ec                png_longjmp
                0x0016ca18                png_error
                0x0016ca78                png_app_warning
                0x0016cbd0                png_app_error
                0x0016cd28                png_chunk_error
                0x0016cd54                png_chunk_benign_error
                0x0016cef8                png_benign_error
                0x0016d1c8                png_fixed_error
                0x0016d248                png_set_longjmp_fn
                0x0016d32c                png_chunk_report
                0x0016d604                png_set_error_fn
                0x0016d618                png_get_error_ptr
                0x0016d624                png_safe_error
                0x0016d6c8                png_safe_warning
                0x0016d73c                png_safe_execute
 *fill*         0x0016d7d4        0x4 
 .text          0x0016d7d8     0x12d0 c:/devkitPro/portlibs/armv6k/lib\libpng.a(pngget.o)
                0x0016d7d8                png_get_valid
                0x0016d7f4                png_get_rowbytes
                0x0016d80c                png_get_rows
                0x0016d824                png_get_image_width
                0x0016d83c                png_get_image_height
                0x0016d854                png_get_bit_depth
                0x0016d86c                png_get_color_type
                0x0016d884                png_get_filter_type
                0x0016d89c                png_get_interlace_type
                0x0016d8b4                png_get_compression_type
                0x0016d8cc                png_get_x_pixels_per_meter
                0x0016d900                png_get_y_pixels_per_meter
                0x0016d934                png_get_pixels_per_meter
                0x0016d980                png_get_pixel_aspect_ratio
                0x0016d9c8                png_get_pixel_aspect_ratio_fixed
                0x0016da58                png_get_x_offset_microns
                0x0016da8c                png_get_y_offset_microns
                0x0016dac0                png_get_x_offset_pixels
                0x0016daf4                png_get_y_offset_pixels
                0x0016db28                png_get_pixels_per_inch
                0x0016dbb4                png_get_x_pixels_per_inch
                0x0016dc30                png_get_y_pixels_per_inch
                0x0016dcac                png_get_x_offset_inches_fixed
                0x0016dcfc                png_get_y_offset_inches_fixed
                0x0016dd4c                png_get_x_offset_inches
                0x0016dd9c                png_get_y_offset_inches
                0x0016ddec                png_get_pHYs_dpi
                0x0016deb8                png_get_channels
                0x0016ded0                png_get_signature
                0x0016dee8                png_get_bKGD
                0x0016df24                png_get_cHRM
                0x0016e038                png_get_cHRM_XYZ
                0x0016e168                png_get_cHRM_XYZ_fixed
                0x0016e240                png_get_cHRM_fixed
                0x0016e304                png_get_gAMA_fixed
                0x0016e33c                png_get_gAMA
                0x0016e390                png_get_sRGB
                0x0016e3cc                png_get_iCCP
                0x0016e470                png_get_sPLT
                0x0016e4a0                png_get_hIST
                0x0016e4dc                png_get_IHDR
                0x0016e598                png_get_oFFs
                0x0016e604                png_get_pCAL
                0x0016e6d4                png_get_sCAL_fixed
                0x0016e75c                png_get_sCAL
                0x0016e7b4                png_get_sCAL_s
                0x0016e7f8                png_get_pHYs
                0x0016e858                png_get_PLTE
                0x0016e89c                png_get_sBIT
                0x0016e8d8                png_get_text
                0x0016e920                png_get_tIME
                0x0016e95c                png_get_tRNS
                0x0016e9ec                png_get_unknown_chunks
                0x0016ea1c                png_get_rgb_to_gray_status
                0x0016ea28                png_get_user_chunk_ptr
                0x0016ea34                png_get_compression_buffer_size
                0x0016ea50                png_get_user_width_max
                0x0016ea5c                png_get_user_height_max
                0x0016ea68                png_get_chunk_cache_max
                0x0016ea74                png_get_chunk_malloc_max
                0x0016ea80                png_get_io_state
                0x0016ea88                png_get_io_chunk_type
                0x0016ea90                png_get_palette_max
 .text          0x0016eaa8      0x3ec c:/devkitPro/portlibs/armv6k/lib\libpng.a(pngmem.o)
                0x0016eaa8                png_destroy_png_struct
                0x0016eb10                png_calloc
                0x0016eb88                png_malloc_base
                0x0016ebb8                png_malloc_array
                0x0016ec34                png_realloc_array
                0x0016ed3c                png_malloc
                0x0016ed98                png_malloc_default
                0x0016edd8                png_malloc_warn
                0x0016ee3c                png_free
                0x0016ee60                png_free_default
                0x0016ee74                png_set_mem_fn
                0x0016ee88                png_get_mem_ptr
 .text          0x0016ee94     0x76f8 c:/devkitPro/portlibs/armv6k/lib\libpng.a(pngread.o)
                0x00174ae0                png_create_read_struct
                0x00174b38                png_create_read_struct_2
                0x00174b94                png_read_info
                0x00174ba4                png_read_update_info
                0x00174be8                png_start_read_image
                0x00174c0c                png_read_row
                0x00174f64                png_read_rows
                0x00175358                png_read_image
                0x001756f4                png_read_end
                0x00175b84                png_destroy_read_struct
                0x00175e08                png_set_read_status_fn
                0x00175e14                png_read_png
                0x001760cc                png_image_begin_read_from_stdio
                0x0017627c                png_image_begin_read_from_file
                0x00176344                png_image_begin_read_from_memory
                0x001763e0                png_image_finish_read
 .text          0x0017658c       0xac c:/devkitPro/portlibs/armv6k/lib\libpng.a(pngrio.o)
                0x0017658c                png_default_read_data
                0x001765c8                png_read_data
                0x001765e8                png_set_read_fn
 .text          0x00176638     0x5ff8 c:/devkitPro/portlibs/armv6k/lib\libpng.a(pngrtran.o)
                0x00177984                png_set_crc_action
                0x00177a60                png_set_background_fixed
                0x00177b18                png_set_background
                0x00177bf0                png_set_scale_16
                0x00177c28                png_set_strip_16
                0x00177c60                png_set_strip_alpha
                0x00177c98                png_set_alpha_mode_fixed
                0x00177e94                png_set_alpha_mode
                0x00178144                png_set_quantize
                0x001789ec                png_set_gamma_fixed
                0x00178af4                png_set_gamma
                0x00178d28                png_set_expand
                0x00178d64                png_set_palette_to_rgb
                0x00178da0                png_set_expand_gray_1_2_4_to_8
                0x00178dd8                png_set_tRNS_to_alpha
                0x00178e14                png_set_expand_16
                0x00178e50                png_set_gray_to_rgb
                0x00178e88                png_set_rgb_to_gray_fixed
                0x00178fe0                png_set_rgb_to_gray
                0x00179184                png_set_read_user_transform_fn
                0x00179198                png_init_read_transformations
                0x00179e80                png_read_transform_info
                0x0017a14c                png_do_read_transformations
 .text          0x0017c630     0x5320 c:/devkitPro/portlibs/armv6k/lib\libpng.a(pngrutil.o)
                0x0017d268                png_get_uint_31
                0x0017d2a4                png_get_uint_32
                0x0017d2c8                png_get_int_32
                0x0017d300                png_get_uint_16
                0x0017d314                png_read_sig
                0x0017d3c0                png_read_chunk_header
                0x0017d530                png_crc_read
                0x0017d560                png_crc_finish
                0x0017d6e0                png_crc_error
                0x0017d780                png_handle_IHDR
                0x0017d8f8                png_handle_PLTE
                0x0017db48                png_handle_IEND
                0x0017db9c                png_handle_gAMA
                0x0017dc80                png_handle_sBIT
                0x0017de94                png_handle_cHRM
                0x0017e154                png_handle_sRGB
                0x0017e25c                png_handle_iCCP
                0x0017e840                png_handle_sPLT
                0x0017eb60                png_handle_tRNS
                0x0017ed9c                png_handle_bKGD
                0x0017efcc                png_handle_hIST
                0x0017f104                png_handle_pHYs
                0x0017f240                png_handle_oFFs
                0x0017f3e0                png_handle_pCAL
                0x0017f790                png_handle_sCAL
                0x0017fa18                png_handle_tIME
                0x0017fb2c                png_handle_tEXt
                0x0017fcec                png_handle_zTXt
                0x0017ff40                png_handle_iTXt
                0x001802a8                png_handle_unknown
                0x00180600                png_check_chunk_name
                0x001806c8                png_combine_row
                0x00180bb8                png_do_read_interlace
                0x00181044                png_read_filter_row
                0x001810cc                png_read_IDAT_data
                0x00181448                png_read_finish_IDAT
                0x001814c0                png_read_finish_row
                0x00181610                png_read_start_row
 .text          0x00181950     0x1eb8 c:/devkitPro/portlibs/armv6k/lib\libpng.a(pngset.o)
                0x00181cb0                png_set_bKGD
                0x00181cfc                png_set_cHRM_fixed
                0x00181d8c                png_set_cHRM_XYZ_fixed
                0x00181e24                png_set_cHRM
                0x00181f78                png_set_cHRM_XYZ
                0x001820ec                png_set_gAMA_fixed
                0x0018211c                png_set_gAMA
                0x00182160                png_set_hIST
                0x0018220c                png_set_IHDR
                0x001822e8                png_set_oFFs
                0x00182314                png_set_pCAL
                0x00182594                png_set_sCAL_s
                0x001826f8                png_set_sCAL
                0x001828c4                png_set_sCAL_fixed
                0x00182a74                png_set_pHYs
                0x00182aa0                png_set_PLTE
                0x00182bd4                png_set_sBIT
                0x00182c18                png_set_sRGB
                0x00182c48                png_set_sRGB_gAMA_and_cHRM
                0x00182c88                png_set_iCCP
                0x00182ddc                png_set_text
                0x00182e20                png_set_text_2
                0x00182e58                png_set_tIME
                0x00182ef8                png_set_tRNS
                0x00183038                png_set_sPLT
                0x001831a8                png_set_unknown_chunks
                0x00183338                png_set_unknown_chunk_location
                0x001833e4                png_permit_mng_features
                0x001833f8                png_set_keep_unknown_chunks
                0x001836ac                png_set_read_user_chunk_fn
                0x001836bc                png_set_rows
                0x00183718                png_set_compression_buffer_size
                0x0018379c                png_set_invalid
                0x001837b4                png_set_user_limits
                0x001837c4                png_set_chunk_cache_max
                0x001837d0                png_set_chunk_malloc_max
                0x001837dc                png_set_benign_errors
                0x001837f4                png_set_check_for_invalid_index
 .text          0x00183808      0xa8c c:/devkitPro/portlibs/armv6k/lib\libpng.a(pngtrans.o)
                0x00183808                png_set_bgr
                0x0018381c                png_set_swap
                0x0018383c                png_set_packing
                0x00183864                png_set_packswap
                0x00183884                png_set_shift
                0x001838ac                png_set_interlace_handling
                0x001838dc                png_set_filler
                0x00183964                png_set_add_alpha
                0x00183a0c                png_set_swap_alpha
                0x00183a20                png_set_invert_alpha
                0x00183a34                png_set_invert_mono
                0x00183a48                png_do_invert
                0x00183c38                png_do_swap
                0x00183c84                png_do_packswap
                0x00183cf0                png_do_strip_channel
                0x00183f1c                png_do_bgr
                0x00184058                png_do_check_palette_indexes
                0x00184224                png_set_user_transform_info
                0x00184268                png_get_user_transform_ptr
                0x00184274                png_get_current_row_number
                0x00184284                png_get_current_pass_number
 .text          0x00184294     0x37ac c:/devkitPro/portlibs/armv6k/lib\libpng.a(pngwrite.o)
                0x001848a8                png_write_info_before_PLTE
                0x00184ee8                png_write_info
                0x00184ef8                png_write_end
                0x00185144                png_convert_from_struct_tm
                0x00185184                png_convert_from_time_t
                0x001851e4                png_create_write_struct
                0x00185270                png_create_write_struct_2
                0x00185300                png_write_rows
                0x001856d0                png_write_image
                0x00185ab0                png_write_row
                0x00186558                png_set_flush
                0x00186568                png_write_flush
                0x001865ac                png_destroy_write_struct
                0x0018665c                png_set_filter
                0x00186ff8                png_set_filter_heuristics
                0x00186ffc                png_set_filter_heuristics_fixed
                0x00187000                png_set_compression_level
                0x0018700c                png_set_compression_mem_level
                0x00187018                png_set_compression_strategy
                0x00187030                png_set_compression_window_bits
                0x00187084                png_set_compression_method
                0x001870b4                png_set_text_compression_level
                0x001870c0                png_set_text_compression_mem_level
                0x001870cc                png_set_text_compression_strategy
                0x001870d8                png_set_text_compression_window_bits
                0x0018712c                png_set_text_compression_method
                0x0018715c                png_set_write_status_fn
                0x00187168                png_set_write_user_transform_fn
                0x00187180                png_write_png
                0x001876b0                png_image_write_to_stdio
                0x00187900                png_image_write_to_file
 .text          0x00187a40      0x778 c:/devkitPro/portlibs/armv6k/lib\libpng.a(pngwtran.o)
                0x00187a40                png_do_write_transformations
 .text          0x001881b8     0x40cc c:/devkitPro/portlibs/armv6k/lib\libpng.a(pngwutil.o)
                0x00188b6c                png_save_uint_32
                0x00188b8c                png_save_uint_16
                0x00188b9c                png_write_sig
                0x00188bf8                png_write_chunk_start
                0x00188ca4                png_write_chunk_data
                0x00188ce0                png_write_chunk_end
                0x00188d2c                png_write_chunk
                0x00188e58                png_free_buffer_list
                0x00188e90                png_write_IHDR
                0x00189228                png_write_PLTE
                0x001893f8                png_compress_IDAT
                0x00189834                png_write_IEND
                0x001898fc                png_write_gAMA_fixed
                0x001899fc                png_write_sRGB
                0x00189b04                png_write_iCCP
                0x00189d6c                png_write_sPLT
                0x00189fbc                png_write_sBIT
                0x0018a0c4                png_write_cHRM_fixed
                0x0018a218                png_write_tRNS
                0x0018a3f0                png_write_bKGD
                0x0018a5f0                png_write_hIST
                0x0018a72c                png_write_tEXt
                0x0018a8dc                png_write_zTXt
                0x0018ab24                png_write_iTXt
                0x0018aeec                png_write_oFFs
                0x0018b014                png_write_pCAL
                0x0018b324                png_write_sCAL_s
                0x0018b3c8                png_write_pHYs
                0x0018b514                png_write_tIME
                0x0018b5b0                png_write_start_row
                0x0018b704                png_write_finish_row
                0x0018b844                png_do_write_interlace
                0x0018bab4                png_write_find_filter
 .text          0x0018c284       0xd8 c:/devkitPro/portlibs/armv6k/lib\libpng.a(pngwio.o)
                0x0018c284                png_default_write_data
                0x0018c2c0                png_default_flush
                0x0018c2d0                png_write_data
                0x0018c2f0                png_flush
                0x0018c300                png_set_write_fn
 .text          0x0018c35c       0x64 c:/devkitPro/libctru/lib\libctru.a(stack_adjust.o)
                0x0018c35c                initSystem
                0x0018c3a0                __ctru_exit
 .text          0x0018c3c0      0x20c c:/devkitpro/devkitarm/bin/../lib/gcc/arm-none-eabi/7.1.0/armv6k/fpu\libgcc.a(_udivsi3.o)
                0x0018c3c0                __aeabi_uidiv
                0x0018c3c0                __udivsi3
                0x0018c5ac                __aeabi_uidivmod
 .text          0x0018c5cc      0x240 c:/devkitpro/devkitarm/bin/../lib/gcc/arm-none-eabi/7.1.0/armv6k/fpu\libgcc.a(_divsi3.o)
                0x0018c5cc                __divsi3
                0x0018c5cc                __aeabi_idiv
                0x0018c7ec                __aeabi_idivmod
 .text          0x0018c80c        0x4 c:/devkitpro/devkitarm/bin/../lib/gcc/arm-none-eabi/7.1.0/armv6k/fpu\libgcc.a(_dvmd_tls.o)
                0x0018c80c                __aeabi_idiv0
                0x0018c80c                __aeabi_ldiv0
 .text          0x0018c810      0x250 c:/devkitpro/devkitarm/bin/../lib/gcc/arm-none-eabi/7.1.0/armv6k/fpu\libgcc.a(_arm_addsubsf3.o)
                0x0018c810                __aeabi_frsub
                0x0018c818                __subsf3
                0x0018c818                __aeabi_fsub
                0x0018c81c                __aeabi_fadd
                0x0018c81c                __addsf3
                0x0018c9ac                __aeabi_ui2f
                0x0018c9ac                __floatunsisf
                0x0018c9b4                __aeabi_i2f
                0x0018c9b4                __floatsisf
                0x0018c9d4                __aeabi_ul2f
                0x0018c9d4                __floatundisf
                0x0018c9e4                __aeabi_l2f
                0x0018c9e4                __floatdisf
 .text          0x0018ca60       0x3c c:/devkitpro/devkitarm/bin/../lib/gcc/arm-none-eabi/7.1.0/armv6k/fpu\libgcc.a(_aeabi_uldivmod.o)
                0x0018ca60                __aeabi_uldivmod
 .text          0x0018ca9c       0x2c c:/devkitpro/devkitarm/bin/../lib/gcc/arm-none-eabi/7.1.0/../../../../arm-none-eabi/lib/armv6k/fpu\libc.a(lib_a-setjmp.o)
                0x0018ca9c                setjmp
                0x0018cab0                longjmp
 *fill*         0x0018cac8       0x18 
 .text          0x0018cae0      0x390 c:/devkitpro/devkitarm/bin/../lib/gcc/arm-none-eabi/7.1.0/../../../../arm-none-eabi/lib/armv6k/fpu\libc.a(lib_a-strcmp.o)
                0x0018cae8                strcmp
 *(.text.*)
 .text.deregister_tm_clones
                0x0018ce70       0x2c c:/devkitpro/devkitarm/bin/../lib/gcc/arm-none-eabi/7.1.0/armv6k/fpu/crtbegin.o
 .text.register_tm_clones
                0x0018ce9c       0x38 c:/devkitpro/devkitarm/bin/../lib/gcc/arm-none-eabi/7.1.0/armv6k/fpu/crtbegin.o
 .text.__do_global_dtors_aux
                0x0018ced4       0x44 c:/devkitpro/devkitarm/bin/../lib/gcc/arm-none-eabi/7.1.0/armv6k/fpu/crtbegin.o
 .text.frame_dummy
                0x0018cf18       0x34 c:/devkitpro/devkitarm/bin/../lib/gcc/arm-none-eabi/7.1.0/armv6k/fpu/crtbegin.o
 .text._Z10music_loadv
                0x0018cf4c      0x29c audio.o
                0x0018cf4c                music_load()
 .text._Z10music_playi
                0x0018d1e8       0xb4 audio.o
                0x0018d1e8                music_play(int)
 .text._Z10music_exitv
                0x0018d29c       0x40 audio.o
                0x0018d29c                music_exit()
 *fill*         0x0018d2dc        0x4 
 .text.startup.main
                0x0018d2e0      0x834 main.o
                0x0018d2e0                main
 *fill*         0x0018db14        0x4 
 .text._Z10notes_calciPcP9sftd_fontP12sf2d_textureS3_S3_S3_S3_S3_S3_S3_S3_
                0x0018db18      0x224 notes.o
                0x0018db18                notes_calc(int, char*, sftd_font*, sf2d_texture*, sf2d_texture*, sf2d_texture*, sf2d_texture*, sf2d_texture*, sf2d_texture*, sf2d_texture*, sf2d_texture*, sf2d_texture*)
 *fill*         0x0018dd3c        0x4 
 .text._Z10notes_mainPcPA128_ciS_S_S_S_S_S_S_S_S_S_S_S_S_S_S_S_S_S_P9sftd_fontP12sf2d_textureS5_S5_S5_S5_S5_S5_S5_S5_
                0x0018dd40      0x408 notes.o
                0x0018dd40                notes_main(char*, char (*) [128], int, char*, char*, char*, char*, char*, char*, char*, char*, char*, char*, char*, char*, char*, char*, char*, char*, char*, char*, sftd_font*, sf2d_texture*, sf2d_texture*, sf2d_texture*, sf2d_texture*, sf2d_texture*, sf2d_texture*, sf2d_texture*, sf2d_texture*, sf2d_texture*)
 .text._Z13tja_head_loadPdS_Pi
                0x0018e148      0x600 tja.o
                0x0018e148                tja_head_load(double*, double*, int*)
 .text._Z14tja_notes_loadv
                0x0018e748       0xb8 tja.o
                0x0018e748                tja_notes_load()
 .text._Z12tja_to_notesPciP9sftd_fontP12sf2d_textureS3_S3_S3_S3_S3_S3_S3_S3_
                0x0018e800       0xf0 tja.o
                0x0018e800                tja_to_notes(char*, int, sftd_font*, sf2d_texture*, sf2d_texture*, sf2d_texture*, sf2d_texture*, sf2d_texture*, sf2d_texture*, sf2d_texture*, sf2d_texture*, sf2d_texture*)
 .text.sf2d_fini
                0x0018e8f0       0x48 c:/devkitPro/libctru/lib\libsf2d.a(sf2d.o)
                0x0018e8f0                sf2d_fini
 .text.sf2d_start_frame_target
                0x0018e938       0xa0 c:/devkitPro/libctru/lib\libsf2d.a(sf2d.o)
                0x0018e938                sf2d_start_frame_target
 .text.sf2d_start_frame
                0x0018e9d8       0x38 c:/devkitPro/libctru/lib\libsf2d.a(sf2d.o)
                0x0018e9d8                sf2d_start_frame
 .text.sf2d_end_frame
                0x0018ea10        0x4 c:/devkitPro/libctru/lib\libsf2d.a(sf2d.o)
                0x0018ea10                sf2d_end_frame
 .text.sf2d_swapbuffers
                0x0018ea14       0xb0 c:/devkitPro/libctru/lib\libsf2d.a(sf2d.o)
                0x0018ea14                sf2d_swapbuffers
 .text.sf2d_get_fps
                0x0018eac4       0x10 c:/devkitPro/libctru/lib\libsf2d.a(sf2d.o)
                0x0018eac4                sf2d_get_fps
 .text.sf2d_pool_memalign
                0x0018ead4       0x40 c:/devkitPro/libctru/lib\libsf2d.a(sf2d.o)
                0x0018ead4                sf2d_pool_memalign
 .text.sf2d_set_clear_color
                0x0018eb14       0x38 c:/devkitPro/libctru/lib\libsf2d.a(sf2d.o)
                0x0018eb14                sf2d_set_clear_color
 .text.sf2d_init_advanced.part.0
                0x0018eb4c      0x1ac c:/devkitPro/libctru/lib\libsf2d.a(sf2d.o)
 .text.sf2d_init
                0x0018ecf8       0x28 c:/devkitPro/libctru/lib\libsf2d.a(sf2d.o)
                0x0018ecf8                sf2d_init
 .text.sf2d_setup_env_internal
                0x0018ed20       0x94 c:/devkitPro/libctru/lib\libsf2d.a(sf2d_draw.o)
                0x0018ed20                sf2d_setup_env_internal
 .text.sf2d_draw_rectangle
                0x0018edb4       0xb8 c:/devkitPro/libctru/lib\libsf2d.a(sf2d_draw.o)
                0x0018edb4                sf2d_draw_rectangle
 .text.sf2d_draw_fill_circle
                0x0018ee6c       0xf4 c:/devkitPro/libctru/lib\libsf2d.a(sf2d_draw.o)
                0x0018ee6c                sf2d_draw_fill_circle
 .text.sf2d_create_texture
                0x0018ef60      0x13c c:/devkitPro/libctru/lib\libsf2d.a(sf2d_texture.o)
                0x0018ef60                sf2d_create_texture
 .text.sf2d_create_rendertarget
                0x0018f09c       0x94 c:/devkitPro/libctru/lib\libsf2d.a(sf2d_texture.o)
                0x0018f09c                sf2d_create_rendertarget
 .text.sf2d_free_texture
                0x0018f130       0x20 c:/devkitPro/libctru/lib\libsf2d.a(sf2d_texture.o)
                0x0018f130                sf2d_free_texture
 .text.sf2d_clear_target
                0x0018f150       0x14 c:/devkitPro/libctru/lib\libsf2d.a(sf2d_texture.o)
                0x0018f150                sf2d_clear_target
 .text.sf2d_bind_texture
                0x0018f164       0x54 c:/devkitPro/libctru/lib\libsf2d.a(sf2d_texture.o)
                0x0018f164                sf2d_bind_texture
 .text.sf2d_bind_texture_color
                0x0018f1b8       0x60 c:/devkitPro/libctru/lib\libsf2d.a(sf2d_texture.o)
                0x0018f1b8                sf2d_bind_texture_color
 .text.sf2d_texture_set_params
                0x0018f218        0x8 c:/devkitPro/libctru/lib\libsf2d.a(sf2d_texture.o)
                0x0018f218                sf2d_texture_set_params
 .text.sf2d_draw_texture
                0x0018f220      0x160 c:/devkitPro/libctru/lib\libsf2d.a(sf2d_texture.o)
                0x0018f220                sf2d_draw_texture
 .text.sf2d_draw_texture_part_scale_blend
                0x0018f380      0x16c c:/devkitPro/libctru/lib\libsf2d.a(sf2d_texture.o)
                0x0018f380                sf2d_draw_texture_part_scale_blend
 .text.sf2d_set_pixel
                0x0018f4ec       0x88 c:/devkitPro/libctru/lib\libsf2d.a(sf2d_texture.o)
                0x0018f4ec                sf2d_set_pixel
 .text.sf2d_texture_tile32
                0x0018f574      0x110 c:/devkitPro/libctru/lib\libsf2d.a(sf2d_texture.o)
                0x0018f574                sf2d_texture_tile32
 .text._sfil_load_PNG_generic
                0x0018f684      0x2e0 c:/devkitPro/libctru/lib\libsfil.a(sfil_png.o)
 .text._sfil_read_png_buffer_fn
                0x0018f964       0x34 c:/devkitPro/libctru/lib\libsfil.a(sfil_png.o)
 .text.sfil_load_PNG_buffer
                0x0018f998       0x4c c:/devkitPro/libctru/lib\libsfil.a(sfil_png.o)
                0x0018f998                sfil_load_PNG_buffer
 .text.atlas_add_glyph
                0x0018f9e4      0x110 c:/devkitPro/libctru/lib\libsftd.a(sftd.o)
 .text.ftc_face_requester
                0x0018faf4       0x5c c:/devkitPro/libctru/lib\libsftd.a(sftd.o)
 .text.sftd_init
                0x0018fb50       0x38 c:/devkitPro/libctru/lib\libsftd.a(sftd.o)
                0x0018fb50                sftd_init
 .text.sftd_fini
                0x0018fb88       0x44 c:/devkitPro/libctru/lib\libsftd.a(sftd.o)
                0x0018fb88                sftd_fini
 .text.sftd_load_font_mem
                0x0018fbcc       0xbc c:/devkitPro/libctru/lib\libsftd.a(sftd.o)
                0x0018fbcc                sftd_load_font_mem
 .text.sftd_draw_text
                0x0018fc88      0x250 c:/devkitPro/libctru/lib\libsftd.a(sftd.o)
                0x0018fc88                sftd_draw_text
 .text.sftd_draw_textf
                0x0018fed8       0x60 c:/devkitPro/libctru/lib\libsftd.a(sftd.o)
                0x0018fed8                sftd_draw_textf
 .text.texture_atlas_create
                0x0018ff38       0x88 c:/devkitPro/libctru/lib\libsftd.a(texture_atlas.o)
                0x0018ff38                texture_atlas_create
 .text.texture_atlas_insert
                0x0018ffc0      0x110 c:/devkitPro/libctru/lib\libsftd.a(texture_atlas.o)
                0x0018ffc0                texture_atlas_insert
 .text.texture_atlas_exists
                0x001900d0       0x18 c:/devkitPro/libctru/lib\libsftd.a(texture_atlas.o)
                0x001900d0                texture_atlas_exists
 .text.texture_atlas_get
                0x001900e8       0x70 c:/devkitPro/libctru/lib\libsftd.a(texture_atlas.o)
                0x001900e8                texture_atlas_get
 .text.bp2d_create
                0x00190158       0x4c c:/devkitPro/libctru/lib\libsftd.a(bin_packing_2d.o)
                0x00190158                bp2d_create
 .text.bp2d_insert
                0x001901a4      0x140 c:/devkitPro/libctru/lib\libsftd.a(bin_packing_2d.o)
                0x001901a4                bp2d_insert
 .text.int_htab_create
                0x001902e4       0x3c c:/devkitPro/libctru/lib\libsftd.a(int_htab.o)
                0x001902e4                int_htab_create
 .text.int_htab_insert
                0x00190320      0x108 c:/devkitPro/libctru/lib\libsftd.a(int_htab.o)
                0x00190320                int_htab_insert
 .text.int_htab_resize
                0x00190428       0x68 c:/devkitPro/libctru/lib\libsftd.a(int_htab.o)
                0x00190428                int_htab_resize
 .text.int_htab_find
                0x00190490       0x98 c:/devkitPro/libctru/lib\libsftd.a(int_htab.o)
                0x00190490                int_htab_find
 .text.unlikely
                0x00190528      0xa78 c:/devkitPro/portlibs/armv6k/lib\libfreetype.a(truetype.o)
 .text.unlikely
                0x00190fa0      0xa68 c:/devkitPro/portlibs/armv6k/lib\libfreetype.a(cff.o)
 .text.unlikely
                0x00191a08       0x34 c:/devkitPro/portlibs/armv6k/lib\libfreetype.a(type42.o)
 .text.unlikely
                0x00191a3c     0x1044 c:/devkitPro/portlibs/armv6k/lib\libfreetype.a(autofit.o)
 .text.unlikely
                0x00192a80     0x17f4 c:/devkitPro/portlibs/armv6k/lib\libfreetype.a(raster.o)
 .text.unlikely
                0x00194274       0x5c c:/devkitPro/portlibs/armv6k/lib\libfreetype.a(ftcache.o)
 .text.unlikely
                0x001942d0      0x108 c:/devkitPro/portlibs/armv6k/lib\libpng.a(png.o)
 .text.adler32  0x001943d8      0x550 c:/devkitPro/portlibs/armv6k/lib\libz.a(adler32.o)
                0x001943d8                adler32
 .text.crc32    0x00194928      0x590 c:/devkitPro/portlibs/armv6k/lib\libz.a(crc32.o)
                0x00194928                crc32
 .text.longest_match
                0x00194eb8      0x28c c:/devkitPro/portlibs/armv6k/lib\libz.a(deflate.o)
 .text.fill_window
                0x00195144      0x358 c:/devkitPro/portlibs/armv6k/lib\libz.a(deflate.o)
 .text.deflate_fast
                0x0019549c      0x910 c:/devkitPro/portlibs/armv6k/lib\libz.a(deflate.o)
 .text.deflate_stored
                0x00195dac      0x718 c:/devkitPro/portlibs/armv6k/lib\libz.a(deflate.o)
 .text.deflate_slow
                0x001964c4      0xaa4 c:/devkitPro/portlibs/armv6k/lib\libz.a(deflate.o)
 .text.deflateReset
                0x00196f68      0x158 c:/devkitPro/portlibs/armv6k/lib\libz.a(deflate.o)
                0x00196f68                deflateReset
 .text.deflate  0x001970c0     0x1a88 c:/devkitPro/portlibs/armv6k/lib\libz.a(deflate.o)
                0x001970c0                deflate
 .text.deflateEnd
                0x00198b48      0x104 c:/devkitPro/portlibs/armv6k/lib\libz.a(deflate.o)
                0x00198b48                deflateEnd
 .text.deflateInit2_
                0x00198c4c      0x3b0 c:/devkitPro/portlibs/armv6k/lib\libz.a(deflate.o)
                0x00198c4c                deflateInit2_
 .text.inflateReset
                0x00198ffc       0x9c c:/devkitPro/portlibs/armv6k/lib\libz.a(inflate.o)
                0x00198ffc                inflateReset
 .text.inflateReset2
                0x00199098      0x124 c:/devkitPro/portlibs/armv6k/lib\libz.a(inflate.o)
                0x00199098                inflateReset2
 .text.inflateInit2_
                0x001991bc      0x178 c:/devkitPro/portlibs/armv6k/lib\libz.a(inflate.o)
                0x001991bc                inflateInit2_
 .text.inflate  0x00199334     0x2148 c:/devkitPro/portlibs/armv6k/lib\libz.a(inflate.o)
                0x00199334                inflate
 .text.inflateEnd
                0x0019b47c       0x60 c:/devkitPro/portlibs/armv6k/lib\libz.a(inflate.o)
                0x0019b47c                inflateEnd
 .text.inflate_table
                0x0019b4dc      0xbac c:/devkitPro/portlibs/armv6k/lib\libz.a(inftrees.o)
                0x0019b4dc                inflate_table
 .text.send_tree
                0x0019c088      0x6d4 c:/devkitPro/portlibs/armv6k/lib\libz.a(trees.o)
 .text.compress_block
                0x0019c75c      0x424 c:/devkitPro/portlibs/armv6k/lib\libz.a(trees.o)
 .text.build_tree
                0x0019cb80      0xb94 c:/devkitPro/portlibs/armv6k/lib\libz.a(trees.o)
 .text._tr_init
                0x0019d714       0xc8 c:/devkitPro/portlibs/armv6k/lib\libz.a(trees.o)
                0x0019d714                _tr_init
 .text._tr_stored_block
                0x0019d7dc      0x1a0 c:/devkitPro/portlibs/armv6k/lib\libz.a(trees.o)
                0x0019d7dc                _tr_stored_block
 .text._tr_flush_bits
                0x0019d97c       0x9c c:/devkitPro/portlibs/armv6k/lib\libz.a(trees.o)
                0x0019d97c                _tr_flush_bits
 .text._tr_align
                0x0019da18      0x170 c:/devkitPro/portlibs/armv6k/lib\libz.a(trees.o)
                0x0019da18                _tr_align
 .text._tr_flush_block
                0x0019db88      0xb04 c:/devkitPro/portlibs/armv6k/lib\libz.a(trees.o)
                0x0019db88                _tr_flush_block
 .text.zcalloc  0x0019e68c        0x8 c:/devkitPro/portlibs/armv6k/lib\libz.a(zutil.o)
                0x0019e68c                zcalloc
 .text.zcfree   0x0019e694        0x8 c:/devkitPro/portlibs/armv6k/lib\libz.a(zutil.o)
                0x0019e694                zcfree
 .text.inflate_fast
                0x0019e69c      0xdb8 c:/devkitPro/portlibs/armv6k/lib\libz.a(inffast.o)
                0x0019e69c                inflate_fast
 .text.AttrInfo_Init
                0x0019f454       0x28 c:/devkitPro/libctru/lib\libcitro3d.a(attribs.o)
                0x0019f454                AttrInfo_Init
 .text.AttrInfo_AddLoader
                0x0019f47c       0x8c c:/devkitPro/libctru/lib\libcitro3d.a(attribs.o)
                0x0019f47c                AttrInfo_AddLoader
 .text.C3D_GetAttrInfo
                0x0019f508       0x24 c:/devkitPro/libctru/lib\libcitro3d.a(attribs.o)
                0x0019f508                C3D_GetAttrInfo
 .text.C3Di_AttrInfoBind
                0x0019f52c       0x80 c:/devkitPro/libctru/lib\libcitro3d.a(attribs.o)
                0x0019f52c                C3Di_AttrInfoBind
 .text.C3Di_SplitFrame.part.1
                0x0019f5ac       0xc4 c:/devkitPro/libctru/lib\libcitro3d.a(base.o)
 .text.C3Di_LightEnvUpdate
                0x0019f670        0x4 c:/devkitPro/libctru/lib\libcitro3d.a(base.o)
                0x0019f670                C3Di_LightEnvUpdate
 .text.C3Di_LightEnvDirty
                0x0019f674        0x4 c:/devkitPro/libctru/lib\libcitro3d.a(base.o)
                0x0019f674                C3Di_LightEnvDirty
 .text.C3Di_ProcTexUpdate
                0x0019f678        0x4 c:/devkitPro/libctru/lib\libcitro3d.a(base.o)
                0x0019f678                C3Di_ProcTexUpdate
 .text.C3Di_ProcTexDirty
                0x0019f67c        0x4 c:/devkitPro/libctru/lib\libcitro3d.a(base.o)
                0x0019f67c                C3Di_ProcTexDirty
 .text.C3Di_AptEventHook
                0x0019f680       0x8c c:/devkitPro/libctru/lib\libcitro3d.a(base.o)
 .text.C3D_Init
                0x0019f70c      0x20c c:/devkitPro/libctru/lib\libcitro3d.a(base.o)
                0x0019f70c                C3D_Init
 .text.C3D_SetViewport
                0x0019f918       0x98 c:/devkitPro/libctru/lib\libcitro3d.a(base.o)
                0x0019f918                C3D_SetViewport
 .text.C3Di_UpdateContext
                0x0019f9b0      0x490 c:/devkitPro/libctru/lib\libcitro3d.a(base.o)
                0x0019f9b0                C3Di_UpdateContext
 .text.C3Di_SplitFrame
                0x0019fe40       0x20 c:/devkitPro/libctru/lib\libcitro3d.a(base.o)
                0x0019fe40                C3Di_SplitFrame
 .text.C3D_Fini
                0x0019fe60       0x64 c:/devkitPro/libctru/lib\libcitro3d.a(base.o)
                0x0019fe60                C3D_Fini
 .text.C3D_BindProgram
                0x0019fec4      0x110 c:/devkitPro/libctru/lib\libcitro3d.a(base.o)
                0x0019fec4                C3D_BindProgram
 .text.BufInfo_Init
                0x0019ffd4       0x24 c:/devkitPro/libctru/lib\libcitro3d.a(buffers.o)
                0x0019ffd4                BufInfo_Init
 .text.BufInfo_Add
                0x0019fff8       0x84 c:/devkitPro/libctru/lib\libcitro3d.a(buffers.o)
                0x0019fff8                BufInfo_Add
 .text.C3D_GetBufInfo
                0x001a007c       0x24 c:/devkitPro/libctru/lib\libcitro3d.a(buffers.o)
                0x001a007c                C3D_GetBufInfo
 .text.C3Di_BufInfoBind
                0x001a00a0       0x48 c:/devkitPro/libctru/lib\libcitro3d.a(buffers.o)
                0x001a00a0                C3Di_BufInfoBind
 .text.C3D_DrawArrays
                0x001a00e8      0x148 c:/devkitPro/libctru/lib\libcitro3d.a(drawArrays.o)
                0x001a00e8                C3D_DrawArrays
 .text.C3D_DepthMap
                0x001a0230       0x40 c:/devkitPro/libctru/lib\libcitro3d.a(effect.o)
                0x001a0230                C3D_DepthMap
 .text.C3D_CullFace
                0x001a0270       0x1c c:/devkitPro/libctru/lib\libcitro3d.a(effect.o)
                0x001a0270                C3D_CullFace
 .text.C3D_StencilTest
                0x001a028c       0x40 c:/devkitPro/libctru/lib\libcitro3d.a(effect.o)
                0x001a028c                C3D_StencilTest
 .text.C3D_StencilOp
                0x001a02cc       0x24 c:/devkitPro/libctru/lib\libcitro3d.a(effect.o)
                0x001a02cc                C3D_StencilOp
 .text.C3D_BlendingColor
                0x001a02f0       0x1c c:/devkitPro/libctru/lib\libcitro3d.a(effect.o)
                0x001a02f0                C3D_BlendingColor
 .text.C3D_EarlyDepthTest
                0x001a030c       0x24 c:/devkitPro/libctru/lib\libcitro3d.a(effect.o)
                0x001a030c                C3D_EarlyDepthTest
 .text.C3D_DepthTest
                0x001a0330       0x2c c:/devkitPro/libctru/lib\libcitro3d.a(effect.o)
                0x001a0330                C3D_DepthTest
 .text.C3D_AlphaTest
                0x001a035c       0x2c c:/devkitPro/libctru/lib\libcitro3d.a(effect.o)
                0x001a035c                C3D_AlphaTest
 .text.C3D_AlphaBlend
                0x001a0388       0x50 c:/devkitPro/libctru/lib\libcitro3d.a(effect.o)
                0x001a0388                C3D_AlphaBlend
 .text.C3D_FragOpMode
                0x001a03d8       0x30 c:/devkitPro/libctru/lib\libcitro3d.a(effect.o)
                0x001a03d8                C3D_FragOpMode
 .text.C3D_FragOpShadow
                0x001a0408       0x44 c:/devkitPro/libctru/lib\libcitro3d.a(effect.o)
                0x001a0408                C3D_FragOpShadow
 .text.C3Di_EffectBind
                0x001a044c      0x174 c:/devkitPro/libctru/lib\libcitro3d.a(effect.o)
                0x001a044c                C3Di_EffectBind
 .text.C3D_CalcColorBufSize
                0x001a05c0       0x1c c:/devkitPro/libctru/lib\libcitro3d.a(framebuffer.o)
                0x001a05c0                C3D_CalcColorBufSize
 .text.C3D_CalcDepthBufSize
                0x001a05dc       0x1c c:/devkitPro/libctru/lib\libcitro3d.a(framebuffer.o)
                0x001a05dc                C3D_CalcDepthBufSize
 .text.C3D_SetFrameBuf
                0x001a05f8       0x44 c:/devkitPro/libctru/lib\libcitro3d.a(framebuffer.o)
                0x001a05f8                C3D_SetFrameBuf
 .text.C3Di_FrameBufBind
                0x001a063c      0x168 c:/devkitPro/libctru/lib\libcitro3d.a(framebuffer.o)
                0x001a063c                C3Di_FrameBufBind
 .text.C3D_FrameBufClear
                0x001a07a4       0xc8 c:/devkitPro/libctru/lib\libcitro3d.a(framebuffer.o)
                0x001a07a4                C3D_FrameBufClear
 .text.C3D_FrameBufTransfer
                0x001a086c       0x4c c:/devkitPro/libctru/lib\libcitro3d.a(framebuffer.o)
                0x001a086c                C3D_FrameBufTransfer
 .text.C3D_ImmSendAttrib
                0x001a08b8       0xb4 c:/devkitPro/libctru/lib\libcitro3d.a(immediate.o)
                0x001a08b8                C3D_ImmSendAttrib
 .text.C3Di_RenderQueueInit
                0x001a096c       0x54 c:/devkitPro/libctru/lib\libcitro3d.a(renderqueue.o)
 .text.C3Di_RenderTargetDestroy
                0x001a09c0       0x80 c:/devkitPro/libctru/lib\libcitro3d.a(renderqueue.o)
 .text.onVBlank1
                0x001a0a40       0xcc c:/devkitPro/libctru/lib\libcitro3d.a(renderqueue.o)
 .text.onVBlank0
                0x001a0b0c      0x1b4 c:/devkitPro/libctru/lib\libcitro3d.a(renderqueue.o)
 .text.C3Di_RenderTargetNew
                0x001a0cc0        0xc c:/devkitPro/libctru/lib\libcitro3d.a(renderqueue.o)
 .text.C3Di_WaitAndClearQueue
                0x001a0ccc       0x8c c:/devkitPro/libctru/lib\libcitro3d.a(renderqueue.o)
 .text.onQueueFinish
                0x001a0d58       0xbc c:/devkitPro/libctru/lib\libcitro3d.a(renderqueue.o)
 .text.C3D_FrameSplit.part.5
                0x001a0e14       0x3c c:/devkitPro/libctru/lib\libcitro3d.a(renderqueue.o)
 .text.C3D_FrameSync
                0x001a0e50       0x30 c:/devkitPro/libctru/lib\libcitro3d.a(renderqueue.o)
                0x001a0e50                C3D_FrameSync
 .text.C3Di_RenderQueueExit
                0x001a0e80       0xa0 c:/devkitPro/libctru/lib\libcitro3d.a(renderqueue.o)
                0x001a0e80                C3Di_RenderQueueExit
 .text.C3Di_RenderQueueWaitDone
                0x001a0f20       0x20 c:/devkitPro/libctru/lib\libcitro3d.a(renderqueue.o)
                0x001a0f20                C3Di_RenderQueueWaitDone
 .text.C3D_FrameBegin
                0x001a0f40       0x7c c:/devkitPro/libctru/lib\libcitro3d.a(renderqueue.o)
                0x001a0f40                C3D_FrameBegin
 .text.C3D_FrameDrawOn
                0x001a0fbc       0x48 c:/devkitPro/libctru/lib\libcitro3d.a(renderqueue.o)
                0x001a0fbc                C3D_FrameDrawOn
 .text.C3D_FrameEnd
                0x001a1004      0x180 c:/devkitPro/libctru/lib\libcitro3d.a(renderqueue.o)
                0x001a1004                C3D_FrameEnd
 .text.C3D_RenderTargetCreate
                0x001a1184      0x16c c:/devkitPro/libctru/lib\libcitro3d.a(renderqueue.o)
                0x001a1184                C3D_RenderTargetCreate
 .text.C3D_RenderTargetSetClear
                0x001a12f0       0x38 c:/devkitPro/libctru/lib\libcitro3d.a(renderqueue.o)
                0x001a12f0                C3D_RenderTargetSetClear
 .text.C3D_RenderTargetSetOutput
                0x001a1328       0x4c c:/devkitPro/libctru/lib\libcitro3d.a(renderqueue.o)
                0x001a1328                C3D_RenderTargetSetOutput
 .text.TexEnv_Init
                0x001a1374       0x24 c:/devkitPro/libctru/lib\libcitro3d.a(texenv.o)
                0x001a1374                TexEnv_Init
 .text.C3D_GetTexEnv
                0x001a1398       0x34 c:/devkitPro/libctru/lib\libcitro3d.a(texenv.o)
                0x001a1398                C3D_GetTexEnv
 .text.C3Di_TexEnvBind
                0x001a13cc       0x24 c:/devkitPro/libctru/lib\libcitro3d.a(texenv.o)
                0x001a13cc                C3Di_TexEnvBind
 .text.C3D_TexInitWithParams
                0x001a13f0      0x26c c:/devkitPro/libctru/lib\libcitro3d.a(texture.o)
                0x001a13f0                C3D_TexInitWithParams
 .text.C3D_TexBind
                0x001a165c       0x48 c:/devkitPro/libctru/lib\libcitro3d.a(texture.o)
                0x001a165c                C3D_TexBind
 .text.C3D_TexDelete
                0x001a16a4       0x7c c:/devkitPro/libctru/lib\libcitro3d.a(texture.o)
                0x001a16a4                C3D_TexDelete
 .text.C3Di_SetTex
                0x001a1720      0x174 c:/devkitPro/libctru/lib\libcitro3d.a(texture.o)
                0x001a1720                C3Di_SetTex
 .text.C3D_UpdateUniforms
                0x001a1894      0x288 c:/devkitPro/libctru/lib\libcitro3d.a(uniforms.o)
                0x001a1894                C3D_UpdateUniforms
 .text.C3Di_DirtyUniforms
                0x001a1b1c       0xc0 c:/devkitPro/libctru/lib\libcitro3d.a(uniforms.o)
                0x001a1b1c                C3Di_DirtyUniforms
 .text.C3Di_LoadShaderUniforms
                0x001a1bdc       0xe4 c:/devkitPro/libctru/lib\libcitro3d.a(uniforms.o)
                0x001a1bdc                C3Di_LoadShaderUniforms
 .text.C3Di_ClearShaderUniforms
                0x001a1cc0       0x28 c:/devkitPro/libctru/lib\libcitro3d.a(uniforms.o)
                0x001a1cc0                C3Di_ClearShaderUniforms
 .text.Mtx_OrthoTilt
                0x001a1ce8       0xcc c:/devkitPro/libctru/lib\libcitro3d.a(mtx_orthotilt.o)
                0x001a1ce8                Mtx_OrthoTilt
 .text._ZL21addrMapNodeComparatorPK11rbtree_nodeS1_
                0x001a1db4       0x24 c:/devkitPro/libctru/lib\libctru.a(vram.o)
 .text._ZL21addrMapNodeDestructorP11rbtree_node
                0x001a1dd8        0x4 c:/devkitPro/libctru/lib\libctru.a(vram.o)
 .text.vramMemAlign
                0x001a1ddc      0x110 c:/devkitPro/libctru/lib\libctru.a(vram.o)
                0x001a1ddc                vramMemAlign
 .text.vramAlloc
                0x001a1eec        0x8 c:/devkitPro/libctru/lib\libctru.a(vram.o)
                0x001a1eec                vramAlloc
 .text.vramFree
                0x001a1ef4       0x50 c:/devkitPro/libctru/lib\libctru.a(vram.o)
                0x001a1ef4                vramFree
 .text._ZL21addrMapNodeComparatorPK11rbtree_nodeS1_
                0x001a1f44       0x24 c:/devkitPro/libctru/lib\libctru.a(linear.o)
 .text._ZL21addrMapNodeDestructorP11rbtree_node
                0x001a1f68        0x4 c:/devkitPro/libctru/lib\libctru.a(linear.o)
 .text.linearMemAlign
                0x001a1f6c      0x11c c:/devkitPro/libctru/lib\libctru.a(linear.o)
                0x001a1f6c                linearMemAlign
 .text.linearAlloc
                0x001a2088        0x8 c:/devkitPro/libctru/lib\libctru.a(linear.o)
                0x001a2088                linearAlloc
 .text.linearFree
                0x001a2090       0x50 c:/devkitPro/libctru/lib\libctru.a(linear.o)
                0x001a2090                linearFree
 .text.linearSpaceFree
                0x001a20e0        0xc c:/devkitPro/libctru/lib\libctru.a(linear.o)
                0x001a20e0                linearSpaceFree
 .text._ZN7MemPool13CoalesceRightEP8MemBlock
                0x001a20ec       0x98 c:/devkitPro/libctru/lib\libctru.a(mem_pool.o)
                0x001a20ec                MemPool::CoalesceRight(MemBlock*)
 .text._ZN7MemPool8AllocateER8MemChunkmi
                0x001a2184      0x16c c:/devkitPro/libctru/lib\libctru.a(mem_pool.o)
                0x001a2184                MemPool::Allocate(MemChunk&, unsigned long, int)
 .text._ZN7MemPool10DeallocateERK8MemChunk
                0x001a22f0       0xfc c:/devkitPro/libctru/lib\libctru.a(mem_pool.o)
                0x001a22f0                MemPool::Deallocate(MemChunk const&)
 .text._ZN7MemPool12GetFreeSpaceEv
                0x001a23ec       0x30 c:/devkitPro/libctru/lib\libctru.a(mem_pool.o)
                0x001a23ec                MemPool::GetFreeSpace()
 .text.getSysTime
                0x001a241c       0x58 c:/devkitPro/libctru/lib\libctru.a(os.o)
 .text.__ctru_speedup_config.part.0
                0x001a2474       0x28 c:/devkitPro/libctru/lib\libctru.a(os.o)
 .text.osConvertVirtToPhys
                0x001a249c       0x4c c:/devkitPro/libctru/lib\libctru.a(os.o)
                0x001a249c                osConvertVirtToPhys
 .text.osGetMemRegionUsed
                0x001a24e8       0x24 c:/devkitPro/libctru/lib\libctru.a(os.o)
                0x001a24e8                osGetMemRegionUsed
 *fill*         0x001a250c        0x4 
 .text.__libctru_gtod
                0x001a2510      0x128 c:/devkitPro/libctru/lib\libctru.a(os.o)
                0x001a2510                __libctru_gtod
 .text.osGetTime
                0x001a2638       0x78 c:/devkitPro/libctru/lib\libctru.a(os.o)
                0x001a2638                osGetTime
 .text.__ctru_speedup_config
                0x001a26b0       0x18 c:/devkitPro/libctru/lib\libctru.a(os.o)
                0x001a26b0                __ctru_speedup_config
 .text.gfxSetFramebufferInfo.part.0
                0x001a26c8       0x8c c:/devkitPro/libctru/lib\libctru.a(gfx.o)
 .text.gfxSet3D
                0x001a2754       0x10 c:/devkitPro/libctru/lib\libctru.a(gfx.o)
                0x001a2754                gfxSet3D
 .text.gfxIs3D  0x001a2764       0x10 c:/devkitPro/libctru/lib\libctru.a(gfx.o)
                0x001a2764                gfxIs3D
 .text.__get_bytes_per_pixel
                0x001a2774       0x18 c:/devkitPro/libctru/lib\libctru.a(gfx.o)
                0x001a2774                __get_bytes_per_pixel
 .text.gfxSetScreenFormat
                0x001a278c      0x184 c:/devkitPro/libctru/lib\libctru.a(gfx.o)
                0x001a278c                gfxSetScreenFormat
 .text.gfxSetFramebufferInfo
                0x001a2910       0x6c c:/devkitPro/libctru/lib\libctru.a(gfx.o)
                0x001a2910                gfxSetFramebufferInfo
 .text.gfxWriteFramebufferInfo
                0x001a297c       0xb0 c:/devkitPro/libctru/lib\libctru.a(gfx.o)
                0x001a297c                gfxWriteFramebufferInfo
 .text.gfxInit  0x001a2a2c      0x210 c:/devkitPro/libctru/lib\libctru.a(gfx.o)
                0x001a2a2c                gfxInit
 .text.gfxInitDefault
                0x001a2c3c       0x10 c:/devkitPro/libctru/lib\libctru.a(gfx.o)
                0x001a2c3c                gfxInitDefault
 .text.gfxExit  0x001a2c4c       0xe0 c:/devkitPro/libctru/lib\libctru.a(gfx.o)
                0x001a2c4c                gfxExit
 .text.gfxGetFramebuffer
                0x001a2d2c       0xa8 c:/devkitPro/libctru/lib\libctru.a(gfx.o)
                0x001a2d2c                gfxGetFramebuffer
 .text.gfxConfigScreen
                0x001a2dd4       0x60 c:/devkitPro/libctru/lib\libctru.a(gfx.o)
                0x001a2dd4                gfxConfigScreen
 .text.shaderInstanceInit
                0x001a2e34      0x1f0 c:/devkitPro/libctru/lib\libctru.a(shaderProgram.o)
                0x001a2e34                shaderInstanceInit
 .text.shaderInstanceFree
                0x001a3024       0x34 c:/devkitPro/libctru/lib\libctru.a(shaderProgram.o)
                0x001a3024                shaderInstanceFree
 .text.shaderInstanceGetUniformLocation
                0x001a3058       0x18 c:/devkitPro/libctru/lib\libctru.a(shaderProgram.o)
                0x001a3058                shaderInstanceGetUniformLocation
 .text.shaderProgramInit
                0x001a3070       0x18 c:/devkitPro/libctru/lib\libctru.a(shaderProgram.o)
                0x001a3070                shaderProgramInit
 .text.shaderProgramFree
                0x001a3088       0x2c c:/devkitPro/libctru/lib\libctru.a(shaderProgram.o)
                0x001a3088                shaderProgramFree
 .text.shaderProgramSetVsh
                0x001a30b4       0x6c c:/devkitPro/libctru/lib\libctru.a(shaderProgram.o)
                0x001a30b4                shaderProgramSetVsh
 .text.shaderProgramConfigure
                0x001a3120      0x8c4 c:/devkitPro/libctru/lib\libctru.a(shaderProgram.o)
                0x001a3120                shaderProgramConfigure
 .text.DVLE_GenerateOutmap.part.0
                0x001a39e4      0x1f8 c:/devkitPro/libctru/lib\libctru.a(shbin.o)
 .text.DVLB_ParseFile
                0x001a3bdc      0x1c8 c:/devkitPro/libctru/lib\libctru.a(shbin.o)
                0x001a3bdc                DVLB_ParseFile
 .text.DVLB_Free
                0x001a3da4       0x38 c:/devkitPro/libctru/lib\libctru.a(shbin.o)
                0x001a3da4                DVLB_Free
 .text.DVLE_GetUniformRegister
                0x001a3ddc       0x78 c:/devkitPro/libctru/lib\libctru.a(shbin.o)
                0x001a3ddc                DVLE_GetUniformRegister
 .text.submitGxCommand
                0x001a3e54       0x38 c:/devkitPro/libctru/lib\libctru.a(gx.o)
 .text.GX_BindQueue
                0x001a3e8c       0x10 c:/devkitPro/libctru/lib\libctru.a(gx.o)
                0x001a3e8c                GX_BindQueue
 .text.GX_ProcessCommandList
                0x001a3e9c       0x50 c:/devkitPro/libctru/lib\libctru.a(gx.o)
                0x001a3e9c                GX_ProcessCommandList
 .text.GX_MemoryFill
                0x001a3eec       0x54 c:/devkitPro/libctru/lib\libctru.a(gx.o)
                0x001a3eec                GX_MemoryFill
 .text.GX_DisplayTransfer
                0x001a3f40       0x48 c:/devkitPro/libctru/lib\libctru.a(gx.o)
                0x001a3f40                GX_DisplayTransfer
 .text.gxCmdQueueDoCommands.part.0
                0x001a3f88       0x74 c:/devkitPro/libctru/lib\libctru.a(gxqueue.o)
 .text.gxCmdQueueInterrupt
                0x001a3ffc       0xc8 c:/devkitPro/libctru/lib\libctru.a(gxqueue.o)
                0x001a3ffc                gxCmdQueueInterrupt
 .text.gxCmdQueueClear
                0x001a40c4       0x50 c:/devkitPro/libctru/lib\libctru.a(gxqueue.o)
                0x001a40c4                gxCmdQueueClear
 .text.gxCmdQueueAdd
                0x001a4114       0xf8 c:/devkitPro/libctru/lib\libctru.a(gxqueue.o)
                0x001a4114                gxCmdQueueAdd
 .text.gxCmdQueueRun
                0x001a420c       0x80 c:/devkitPro/libctru/lib\libctru.a(gxqueue.o)
                0x001a420c                gxCmdQueueRun
 .text.gxCmdQueueStop
                0x001a428c       0x60 c:/devkitPro/libctru/lib\libctru.a(gxqueue.o)
                0x001a428c                gxCmdQueueStop
 .text.gxCmdQueueWait
                0x001a42ec       0x84 c:/devkitPro/libctru/lib\libctru.a(gxqueue.o)
                0x001a42ec                gxCmdQueueWait
 .text.GPUCMD_Add
                0x001a4370      0x130 c:/devkitPro/libctru/lib\libctru.a(gpu.o)
                0x001a4370                GPUCMD_Add
 .text.GPUCMD_Split
                0x001a44a0       0xb4 c:/devkitPro/libctru/lib\libctru.a(gpu.o)
                0x001a44a0                GPUCMD_Split
 .text.f32tof16
                0x001a4554       0x34 c:/devkitPro/libctru/lib\libctru.a(gpu.o)
                0x001a4554                f32tof16
 .text.f32tof24
                0x001a4588       0x34 c:/devkitPro/libctru/lib\libctru.a(gpu.o)
                0x001a4588                f32tof24
 .text.f32tof31
                0x001a45bc       0x38 c:/devkitPro/libctru/lib\libctru.a(gpu.o)
                0x001a45bc                f32tof31
 .text.ndspUpdateMaster
                0x001a45f4      0x150 c:/devkitPro/libctru/lib\libctru.a(ndsp.o)
 .text.ndspFinalize
                0x001a4744       0xf0 c:/devkitPro/libctru/lib\libctru.a(ndsp.o)
 .text.ndspInitialize
                0x001a4834      0x27c c:/devkitPro/libctru/lib\libctru.a(ndsp.o)
 .text.ndspAptHook
                0x001a4ab0       0x78 c:/devkitPro/libctru/lib\libctru.a(ndsp.o)
 .text.ndspSync
                0x001a4b28      0x168 c:/devkitPro/libctru/lib\libctru.a(ndsp.o)
 .text.ndspThreadMain
                0x001a4c90       0xf8 c:/devkitPro/libctru/lib\libctru.a(ndsp.o)
 .text.ndspInit
                0x001a4d88      0x384 c:/devkitPro/libctru/lib\libctru.a(ndsp.o)
                0x001a4d88                ndspInit
 .text.ndspExit
                0x001a510c       0xfc c:/devkitPro/libctru/lib\libctru.a(ndsp.o)
                0x001a510c                ndspExit
 .text.ndspSetOutputMode
                0x001a5208       0x34 c:/devkitPro/libctru/lib\libctru.a(ndsp.o)
                0x001a5208                ndspSetOutputMode
 .text.ndspSetOutputCount
                0x001a523c       0x34 c:/devkitPro/libctru/lib\libctru.a(ndsp.o)
                0x001a523c                ndspSetOutputCount
 .text.ndspChnReset
                0x001a5270       0x9c c:/devkitPro/libctru/lib\libctru.a(ndsp-channel.o)
                0x001a5270                ndspChnReset
 .text.ndspChnInitParams
                0x001a530c       0x3c c:/devkitPro/libctru/lib\libctru.a(ndsp-channel.o)
                0x001a530c                ndspChnInitParams
 .text.ndspChnSetFormat
                0x001a5348       0x18 c:/devkitPro/libctru/lib\libctru.a(ndsp-channel.o)
                0x001a5348                ndspChnSetFormat
 .text.ndspChnSetInterp
                0x001a5360       0x48 c:/devkitPro/libctru/lib\libctru.a(ndsp-channel.o)
                0x001a5360                ndspChnSetInterp
 .text.ndspChnSetRate
                0x001a53a8       0x5c c:/devkitPro/libctru/lib\libctru.a(ndsp-channel.o)
                0x001a53a8                ndspChnSetRate
 .text.ndspChnSetMix
                0x001a5404       0x88 c:/devkitPro/libctru/lib\libctru.a(ndsp-channel.o)
                0x001a5404                ndspChnSetMix
 .text.ndspChnWaveBufClear
                0x001a548c       0x64 c:/devkitPro/libctru/lib\libctru.a(ndsp-channel.o)
                0x001a548c                ndspChnWaveBufClear
 .text.ndspChnWaveBufAdd
                0x001a54f0       0xb8 c:/devkitPro/libctru/lib\libctru.a(ndsp-channel.o)
                0x001a54f0                ndspChnWaveBufAdd
 .text.ndspiInitChn
                0x001a55a8       0x34 c:/devkitPro/libctru/lib\libctru.a(ndsp-channel.o)
                0x001a55a8                ndspiInitChn
 .text.ndspiDirtyChn
                0x001a55dc       0x28 c:/devkitPro/libctru/lib\libctru.a(ndsp-channel.o)
                0x001a55dc                ndspiDirtyChn
 .text.ndspiUpdateChn
                0x001a5604      0x498 c:/devkitPro/libctru/lib\libctru.a(ndsp-channel.o)
                0x001a5604                ndspiUpdateChn
 .text.ndspiReadChnState
                0x001a5a9c      0x190 c:/devkitPro/libctru/lib\libctru.a(ndsp-channel.o)
                0x001a5a9c                ndspiReadChnState
 .text.cfguInit
                0x001a5c2c       0xa4 c:/devkitPro/libctru/lib\libctru.a(cfgu.o)
                0x001a5c2c                cfguInit
 .text.cfguExit
                0x001a5cd0       0x3c c:/devkitPro/libctru/lib\libctru.a(cfgu.o)
                0x001a5cd0                cfguExit
 .text.CFGU_GetConfigInfoBlk2
                0x001a5d0c       0x44 c:/devkitPro/libctru/lib\libctru.a(cfgu.o)
                0x001a5d0c                CFGU_GetConfigInfoBlk2
 .text.dspExit  0x001a5d50       0x3c c:/devkitPro/libctru/lib\libctru.a(dsp.o)
                0x001a5d50                dspExit
 .text.DSP_FlushDataCache
                0x001a5d8c       0x4c c:/devkitPro/libctru/lib\libctru.a(dsp.o)
                0x001a5d8c                DSP_FlushDataCache
 .text.DSP_SetSemaphore
                0x001a5dd8       0x34 c:/devkitPro/libctru/lib\libctru.a(dsp.o)
                0x001a5dd8                DSP_SetSemaphore
 .text.DSP_SetSemaphoreMask
                0x001a5e0c       0x34 c:/devkitPro/libctru/lib\libctru.a(dsp.o)
                0x001a5e0c                DSP_SetSemaphoreMask
 .text.DSP_GetSemaphoreHandle
                0x001a5e40       0x38 c:/devkitPro/libctru/lib\libctru.a(dsp.o)
                0x001a5e40                DSP_GetSemaphoreHandle
 .text.DSP_LoadComponent
                0x001a5e78       0x60 c:/devkitPro/libctru/lib\libctru.a(dsp.o)
                0x001a5e78                DSP_LoadComponent
 .text.DSP_UnloadComponent
                0x001a5ed8       0x2c c:/devkitPro/libctru/lib\libctru.a(dsp.o)
                0x001a5ed8                DSP_UnloadComponent
 .text.dspInit  0x001a5f04       0x88 c:/devkitPro/libctru/lib\libctru.a(dsp.o)
                0x001a5f04                dspInit
 .text.DSP_RegisterInterruptEvents
                0x001a5f8c       0x44 c:/devkitPro/libctru/lib\libctru.a(dsp.o)
                0x001a5f8c                DSP_RegisterInterruptEvents
 .text.DSP_ReadPipeIfPossible
                0x001a5fd0       0x70 c:/devkitPro/libctru/lib\libctru.a(dsp.o)
                0x001a5fd0                DSP_ReadPipeIfPossible
 .text.DSP_WriteProcessPipe
                0x001a6040       0x4c c:/devkitPro/libctru/lib\libctru.a(dsp.o)
                0x001a6040                DSP_WriteProcessPipe
 .text.DSP_ConvertProcessAddressFromDspDram
                0x001a608c       0x40 c:/devkitPro/libctru/lib\libctru.a(dsp.o)
                0x001a608c                DSP_ConvertProcessAddressFromDspDram
 .text.DSP_RecvData
                0x001a60cc       0x40 c:/devkitPro/libctru/lib\libctru.a(dsp.o)
                0x001a60cc                DSP_RecvData
 .text.DSP_RecvDataIsReady
                0x001a610c       0x4c c:/devkitPro/libctru/lib\libctru.a(dsp.o)
                0x001a610c                DSP_RecvDataIsReady
 .text.gspInit  0x001a6158       0x74 c:/devkitPro/libctru/lib\libctru.a(gspgpu.o)
                0x001a6158                gspInit
 .text.gspExit  0x001a61cc       0x3c c:/devkitPro/libctru/lib\libctru.a(gspgpu.o)
                0x001a61cc                gspExit
 .text.gspSetEventCallback
                0x001a6208       0x34 c:/devkitPro/libctru/lib\libctru.a(gspgpu.o)
                0x001a6208                gspSetEventCallback
 .text.gspInitEventHandler
                0x001a623c       0xa0 c:/devkitPro/libctru/lib\libctru.a(gspgpu.o)
                0x001a623c                gspInitEventHandler
 .text.gspExitEventHandler
                0x001a62dc       0x40 c:/devkitPro/libctru/lib\libctru.a(gspgpu.o)
                0x001a62dc                gspExitEventHandler
 .text.gspWaitForEvent
                0x001a631c       0x44 c:/devkitPro/libctru/lib\libctru.a(gspgpu.o)
                0x001a631c                gspWaitForEvent
 .text.gspWaitForAnyEvent
                0x001a6360       0x64 c:/devkitPro/libctru/lib\libctru.a(gspgpu.o)
                0x001a6360                gspWaitForAnyEvent
 .text.gspEventThreadMain
                0x001a63c4      0x174 c:/devkitPro/libctru/lib\libctru.a(gspgpu.o)
 .text.gspSubmitGxCommand
                0x001a6538      0x124 c:/devkitPro/libctru/lib\libctru.a(gspgpu.o)
                0x001a6538                gspSubmitGxCommand
 .text.GSPGPU_SetBufferSwap
                0x001a665c       0x6c c:/devkitPro/libctru/lib\libctru.a(gspgpu.o)
                0x001a665c                GSPGPU_SetBufferSwap
 .text.GSPGPU_FlushDataCache
                0x001a66c8       0x4c c:/devkitPro/libctru/lib\libctru.a(gspgpu.o)
                0x001a66c8                GSPGPU_FlushDataCache
 .text.GSPGPU_SetLcdForceBlack
                0x001a6714       0x34 c:/devkitPro/libctru/lib\libctru.a(gspgpu.o)
                0x001a6714                GSPGPU_SetLcdForceBlack
 .text.GSPGPU_RegisterInterruptRelayQueue
                0x001a6748       0x64 c:/devkitPro/libctru/lib\libctru.a(gspgpu.o)
                0x001a6748                GSPGPU_RegisterInterruptRelayQueue
 .text.GSPGPU_UnregisterInterruptRelayQueue
                0x001a67ac       0x2c c:/devkitPro/libctru/lib\libctru.a(gspgpu.o)
                0x001a67ac                GSPGPU_UnregisterInterruptRelayQueue
 .text.GSPGPU_AcquireRight
                0x001a67d8       0x48 c:/devkitPro/libctru/lib\libctru.a(gspgpu.o)
                0x001a67d8                GSPGPU_AcquireRight
 .text.GSPGPU_ReleaseRight
                0x001a6820       0x2c c:/devkitPro/libctru/lib\libctru.a(gspgpu.o)
                0x001a6820                GSPGPU_ReleaseRight
 .text.GSPGPU_ImportDisplayCaptureInfo
                0x001a684c       0x80 c:/devkitPro/libctru/lib\libctru.a(gspgpu.o)
                0x001a684c                GSPGPU_ImportDisplayCaptureInfo
 .text.GSPGPU_SaveVramSysArea
                0x001a68cc       0x2c c:/devkitPro/libctru/lib\libctru.a(gspgpu.o)
                0x001a68cc                GSPGPU_SaveVramSysArea
 .text.GSPGPU_RestoreVramSysArea
                0x001a68f8       0x2c c:/devkitPro/libctru/lib\libctru.a(gspgpu.o)
                0x001a68f8                GSPGPU_RestoreVramSysArea
 .text._aptDebug
                0x001a6924        0x4 c:/devkitPro/libctru/lib\libctru.a(apt.o)
                0x001a6924                _aptDebug
 .text.aptSendCommand
                0x001a6928      0x15c c:/devkitPro/libctru/lib\libctru.a(apt.o)
                0x001a6928                aptSendCommand
 .text.aptExitProcess
                0x001a6a84       0x3c c:/devkitPro/libctru/lib\libctru.a(apt.o)
 .text.aptHook  0x001a6ac0       0x34 c:/devkitPro/libctru/lib\libctru.a(apt.o)
                0x001a6ac0                aptHook
 .text.aptUnhook
                0x001a6af4       0x2c c:/devkitPro/libctru/lib\libctru.a(apt.o)
                0x001a6af4                aptUnhook
 .text.APT_InquireNotification
                0x001a6b20       0x4c c:/devkitPro/libctru/lib\libctru.a(apt.o)
                0x001a6b20                APT_InquireNotification
 .text.aptEventHandler
                0x001a6b6c      0x19c c:/devkitPro/libctru/lib\libctru.a(apt.o)
 .text.APT_AppletUtility
                0x001a6d08       0x74 c:/devkitPro/libctru/lib\libctru.a(apt.o)
                0x001a6d08                APT_AppletUtility
 .text.aptSetSleepAllowed
                0x001a6d7c       0xb0 c:/devkitPro/libctru/lib\libctru.a(apt.o)
                0x001a6d7c                aptSetSleepAllowed
 .text.APT_GlanceParameter
                0x001a6e2c       0xb0 c:/devkitPro/libctru/lib\libctru.a(apt.o)
                0x001a6e2c                APT_GlanceParameter
 .text.APT_ReceiveParameter
                0x001a6edc       0xc4 c:/devkitPro/libctru/lib\libctru.a(apt.o)
                0x001a6edc                APT_ReceiveParameter
 .text.aptReceiveParameter.constprop.1
                0x001a6fa0       0xbc c:/devkitPro/libctru/lib\libctru.a(apt.o)
 *fill*         0x001a705c        0x4 
 .text.aptScreenTransfer
                0x001a7060      0x1e8 c:/devkitPro/libctru/lib\libctru.a(apt.o)
 .text.aptWaitForWakeUp
                0x001a7248      0x210 c:/devkitPro/libctru/lib\libctru.a(apt.o)
 .text.APT_CancelParameter
                0x001a7458       0x70 c:/devkitPro/libctru/lib\libctru.a(apt.o)
                0x001a7458                APT_CancelParameter
 .text.aptInit  0x001a74c8      0x270 c:/devkitPro/libctru/lib\libctru.a(apt.o)
                0x001a74c8                aptInit
 .text.aptClearParamQueue
                0x001a7738       0x88 c:/devkitPro/libctru/lib\libctru.a(apt.o)
 .text.aptMainLoop.part.0
                0x001a77c0      0x1e4 c:/devkitPro/libctru/lib\libctru.a(apt.o)
 .text.aptMainLoop
                0x001a79a4       0x1c c:/devkitPro/libctru/lib\libctru.a(apt.o)
                0x001a79a4                aptMainLoop
 .text.aptExit  0x001a79c0      0x24c c:/devkitPro/libctru/lib\libctru.a(apt.o)
                0x001a79c0                aptExit
 .text.APT_CheckNew3DS
                0x001a7c0c       0x7c c:/devkitPro/libctru/lib\libctru.a(apt.o)
                0x001a7c0c                APT_CheckNew3DS
 .text.hidExit  0x001a7c88       0xd0 c:/devkitPro/libctru/lib\libctru.a(hid.o)
                0x001a7c88                hidExit
 .text.hidScanInput
                0x001a7d58      0x26c c:/devkitPro/libctru/lib\libctru.a(hid.o)
                0x001a7d58                hidScanInput
 .text.hidKeysDown
                0x001a7fc4       0x10 c:/devkitPro/libctru/lib\libctru.a(hid.o)
                0x001a7fc4                hidKeysDown
 .text.hidTouchRead
                0x001a7fd4       0x18 c:/devkitPro/libctru/lib\libctru.a(hid.o)
                0x001a7fd4                hidTouchRead
 .text.HIDUSER_GetHandles
                0x001a7fec       0x90 c:/devkitPro/libctru/lib\libctru.a(hid.o)
                0x001a7fec                HIDUSER_GetHandles
 .text.hidInit  0x001a807c      0x1a8 c:/devkitPro/libctru/lib\libctru.a(hid.o)
                0x001a807c                hidInit
 .text.ptmSysmInit
                0x001a8224       0x74 c:/devkitPro/libctru/lib\libctru.a(ptmsysm.o)
                0x001a8224                ptmSysmInit
 .text.ptmSysmExit
                0x001a8298       0x3c c:/devkitPro/libctru/lib\libctru.a(ptmsysm.o)
                0x001a8298                ptmSysmExit
 .text.PTMSYSM_ConfigureNew3DSCPU
                0x001a82d4       0x34 c:/devkitPro/libctru/lib\libctru.a(ptmsysm.o)
                0x001a82d4                PTMSYSM_ConfigureNew3DSCPU
 .text.fsSessionForArchive.part.0
                0x001a8308       0x28 c:/devkitPro/libctru/lib\libctru.a(fs.o)
 .text.fsInit   0x001a8330       0xd0 c:/devkitPro/libctru/lib\libctru.a(fs.o)
                0x001a8330                fsInit
 .text.fsExit   0x001a8400       0x3c c:/devkitPro/libctru/lib\libctru.a(fs.o)
                0x001a8400                fsExit
 .text.fsExemptFromSession
                0x001a843c       0x74 c:/devkitPro/libctru/lib\libctru.a(fs.o)
                0x001a843c                fsExemptFromSession
 .text.fsUnexemptFromSession
                0x001a84b0       0x50 c:/devkitPro/libctru/lib\libctru.a(fs.o)
                0x001a84b0                fsUnexemptFromSession
 .text.FSUSER_OpenFile
                0x001a8500       0xc0 c:/devkitPro/libctru/lib\libctru.a(fs.o)
                0x001a8500                FSUSER_OpenFile
 .text.FSUSER_OpenFileDirectly
                0x001a85c0       0xd4 c:/devkitPro/libctru/lib\libctru.a(fs.o)
                0x001a85c0                FSUSER_OpenFileDirectly
 .text.FSUSER_DeleteFile
                0x001a8694       0xa8 c:/devkitPro/libctru/lib\libctru.a(fs.o)
                0x001a8694                FSUSER_DeleteFile
 .text.FSUSER_RenameFile
                0x001a873c       0xe0 c:/devkitPro/libctru/lib\libctru.a(fs.o)
                0x001a873c                FSUSER_RenameFile
 .text.FSUSER_DeleteDirectory
                0x001a881c       0xa8 c:/devkitPro/libctru/lib\libctru.a(fs.o)
                0x001a881c                FSUSER_DeleteDirectory
 .text.FSUSER_CreateFile
                0x001a88c4       0xc0 c:/devkitPro/libctru/lib\libctru.a(fs.o)
                0x001a88c4                FSUSER_CreateFile
 .text.FSUSER_CreateDirectory
                0x001a8984       0xb0 c:/devkitPro/libctru/lib\libctru.a(fs.o)
                0x001a8984                FSUSER_CreateDirectory
 .text.FSUSER_RenameDirectory
                0x001a8a34       0xe0 c:/devkitPro/libctru/lib\libctru.a(fs.o)
                0x001a8a34                FSUSER_RenameDirectory
 .text.FSUSER_OpenDirectory
                0x001a8b14       0xa4 c:/devkitPro/libctru/lib\libctru.a(fs.o)
                0x001a8b14                FSUSER_OpenDirectory
 .text.FSUSER_OpenArchive
                0x001a8bb8       0x98 c:/devkitPro/libctru/lib\libctru.a(fs.o)
                0x001a8bb8                FSUSER_OpenArchive
 .text.FSUSER_CloseArchive
                0x001a8c50       0x74 c:/devkitPro/libctru/lib\libctru.a(fs.o)